Component: ARM Compiler 5.05 update 1 (build 106) Tool: armlink [4d0efa]

==============================================================================

Section Cross References

    main.o(.text) refers to value.o(i.json_array) for json_array
    main.o(.text) refers to value.o(i.json_integer) for json_integer
    main.o(.text) refers to value.o(i.json_array_append_new) for json_array_append_new
    main.o(.text) refers to value.o(i.json_object_set_new) for json_object_set_new
    main.o(.text) refers to rt_memcpy_w.o(.text) for __aeabi_memcpy4
    main.o(.text) refers to value.o(i.json_object) for json_object
    main.o(.text) refers to dump.o(i.json_dumps) for json_dumps
    main.o(.text) refers to puts_locked.o(.text) for puts
    main.o(.text) refers to h1_free_mt.o(.text) for free
    main.o(.text) refers to value.o(i.json_delete) for json_delete
    main.o(.text) refers to main.o(.constdata) for .constdata
    rtx_conf_cm.o(.emb_text) refers to rt_cmsis.o(i.osKernelInitialize) for osKernelInitialize
    rtx_conf_cm.o(.emb_text) refers to rt_cmsis.o(i.osThreadCreate) for osThreadCreate
    rtx_conf_cm.o(.emb_text) refers to rt_cmsis.o(i.osKernelStart) for osKernelStart
    rtx_conf_cm.o(.emb_text) refers to exit.o(.text) for exit
    rtx_conf_cm.o(.emb_text) refers to rtx_conf_cm.o(.data) for os_thread_def_main
    rtx_conf_cm.o(.text) refers to rt_task.o(i.rt_tsk_self) for rt_tsk_self
    rtx_conf_cm.o(.text) refers to rt_mutex.o(i.rt_mut_init) for rt_mut_init
    rtx_conf_cm.o(.text) refers to rt_cmsis.o(.data) for os_running
    rtx_conf_cm.o(.text) refers to rtx_conf_cm.o(.bss) for .bss
    rtx_conf_cm.o(.text) refers to libspace.o(.bss) for __libspace_start
    rtx_conf_cm.o(.text) refers to rtx_conf_cm.o(.data) for .data
    rtx_conf_cm.o(.text) refers to rt_mutex.o(i.rt_mut_wait) for rt_mut_wait
    rtx_conf_cm.o(.text) refers to rt_mutex.o(i.rt_mut_release) for rt_mut_release
    rtx_conf_cm.o(.constdata) refers to rt_cmsis.o(i.osTimerThread) for osTimerThread
    rtx_conf_cm.o(.constdata) refers to rtx_conf_cm.o(.bss) for os_messageQ_q_osTimerMessageQ
    rtx_conf_cm.o(.data) refers to main.o(.text) for main
    retarget_io.o(.text) refers to strcmpv7m.o(.text) for strcmp
    retarget_io.o(.text) refers to retarget_io.o(.data) for ITM_RxBuffer
    startup_armcm3.o(STACK) refers (Special) to heapauxi.o(.text) for __use_two_region_memory
    startup_armcm3.o(HEAP) refers (Special) to heapauxi.o(.text) for __use_two_region_memory
    startup_armcm3.o(RESET) refers (Special) to heapauxi.o(.text) for __use_two_region_memory
    startup_armcm3.o(RESET) refers to startup_armcm3.o(STACK) for __initial_sp
    startup_armcm3.o(RESET) refers to startup_armcm3.o(.text) for Reset_Handler
    startup_armcm3.o(RESET) refers to hal_cm3.o(.emb_text) for SVC_Handler
    startup_armcm3.o(.text) refers (Special) to heapauxi.o(.text) for __use_two_region_memory
    startup_armcm3.o(.text) refers to system_armcm3.o(.text) for SystemInit
    startup_armcm3.o(.text) refers to __main.o(!!!main) for __main
    startup_armcm3.o(.text) refers to startup_armcm3.o(HEAP) for Heap_Mem
    startup_armcm3.o(.text) refers to startup_armcm3.o(STACK) for Stack_Mem
    system_armcm3.o(.text) refers to system_armcm3.o(.data) for SystemCoreClock
    rt_cmsis.o(i.isrMessageGet) refers to rt_mailbox.o(i.isr_mbx_receive) for isr_mbx_receive
    rt_cmsis.o(i.isrMessagePut) refers to rt_mailbox.o(i.rt_mbx_check) for rt_mbx_check
    rt_cmsis.o(i.isrMessagePut) refers to rt_mailbox.o(i.isr_mbx_send) for isr_mbx_send
    rt_cmsis.o(i.isrSemaphoreRelease) refers to rt_cmsis.o(i.rt_id2obj) for rt_id2obj
    rt_cmsis.o(i.isrSemaphoreRelease) refers to rt_semaphore.o(i.isr_sem_send) for isr_sem_send
    rt_cmsis.o(i.isrSignalSet) refers to rt_cmsis.o(i.rt_tid2ptcb) for rt_tid2ptcb
    rt_cmsis.o(i.isrSignalSet) refers to rt_event.o(i.isr_evt_set) for isr_evt_set
    rt_cmsis.o(i.osDelay) refers to rt_cmsis.o(i.svcDelay) for svcDelay
    rt_cmsis.o(i.osKernelInitialize) refers to rt_cmsis.o(i.svcKernelInitialize) for svcKernelInitialize
    rt_cmsis.o(i.osKernelRunning) refers to rt_cmsis.o(i.svcKernelRunning) for svcKernelRunning
    rt_cmsis.o(i.osKernelRunning) refers to rt_cmsis.o(.data) for .data
    rt_cmsis.o(i.osKernelStart) refers to rtx_conf_cm.o(.constdata) for os_flags
    rt_cmsis.o(i.osKernelStart) refers to rt_cmsis.o(i.svcKernelStart) for svcKernelStart
    rt_cmsis.o(i.osKernelSysTick) refers to rt_cmsis.o(i.svcKernelSysTick) for svcKernelSysTick
    rt_cmsis.o(i.osMailAlloc) refers to rt_cmsis.o(i.sysMailAlloc) for sysMailAlloc
    rt_cmsis.o(i.osMailCAlloc) refers to rt_cmsis.o(i.sysMailAlloc) for sysMailAlloc
    rt_cmsis.o(i.osMailCreate) refers to rt_cmsis.o(i.svcMailCreate) for svcMailCreate
    rt_cmsis.o(i.osMailCreate) refers to rt_cmsis.o(.data) for .data
    rt_cmsis.o(i.osMailFree) refers to rt_cmsis.o(i.sysMailFree) for sysMailFree
    rt_cmsis.o(i.osMailGet) refers to rt_cmsis.o(i.osMessageGet) for osMessageGet
[...]
    __tagsym$$used                           0x00004d7c   Number         0  rtx_conf_cm.o(.constdata)
    .constdata                               0x00004daa   Section       23  retarget_io.o(.constdata)
    .constdata                               0x00004dc1   Section       33  dump.o(.constdata)
    whitespace                               0x00004dc1   Data          33  dump.o(.constdata)
    .constdata                               0x00004de2   Section       40  _printf_hex_int.o(.constdata)
    uc_hextab                                0x00004de2   Data          20  _printf_hex_int.o(.constdata)
    lc_hextab                                0x00004df6   Data          20  _printf_hex_int.o(.constdata)
    .constdata                               0x00004e0a   Section       17  __printf_flags_ss_wp.o(.constdata)
    maptable                                 0x00004e0a   Data          17  __printf_flags_ss_wp.o(.constdata)
    .constdata                               0x00004e1c   Section      148  bigflt0.o(.constdata)
    tenpwrs_x                                0x00004e1c   Data          60  bigflt0.o(.constdata)
    tenpwrs_i                                0x00004e58   Data          64  bigflt0.o(.constdata)
    locale$$data                             0x00004ed0   Section       28  lc_numeric_c.o(locale$$data)
    __lcnum_c_name                           0x00004ed4   Data           2  lc_numeric_c.o(locale$$data)
    __lcnum_c_start                          0x00004edc   Data           0  lc_numeric_c.o(locale$$data)
    __lcnum_c_point                          0x00004ee8   Data           0  lc_numeric_c.o(locale$$data)
    __lcnum_c_thousands                      0x00004eea   Data           0  lc_numeric_c.o(locale$$data)
    __lcnum_c_grouping                       0x00004eeb   Data           0  lc_numeric_c.o(locale$$data)
    __lcnum_c_end                            0x00004eec   Data           0  lc_numeric_c.o(locale$$data)
    .data                                    0x20000000   Section       36  rtx_conf_cm.o(.data)
    nr_mutex                                 0x20000010   Data           4  rtx_conf_cm.o(.data)
    .data                                    0x20000024   Section        4  retarget_io.o(.data)
    .data                                    0x20000028   Section        4  system_armcm3.o(.data)
    .data                                    0x2000002c   Section        8  rt_cmsis.o(.data)
    .data                                    0x20000034   Section        8  rt_task.o(.data)
    .data                                    0x2000003c   Section        8  rt_system.o(.data)
    os_lock                                  0x2000003c   Data           1  rt_system.o(.data)
    os_psh_flag                              0x2000003d   Data           1  rt_system.o(.data)
    pend_flags                               0x2000003e   Data           1  rt_system.o(.data)
    .data                                    0x20000044   Section        4  rt_time.o(.data)
    .data                                    0x20000048   Section        8  rt_robin.o(.data)
    .data                                    0x20000050   Section        1  hal_cm.o(.data)
    .data                                    0x20000054   Section        8  memory.o(.data)
    do_malloc                                0x20000054   Data           4  memory.o(.data)
    do_free                                  0x20000058   Data           4  memory.o(.data)
    .data                                    0x2000005c   Section        4  hashtable_seed.o(.data)
    .data                                    0x20000060   Section        4  streamlock.o(.data)
    .data                                    0x20000064   Section        4  stdio_streams.o(.data)
    .data                                    0x20000068   Section        4  stdio_streams.o(.data)
    .data                                    0x2000006c   Section        4  stdio_streams.o(.data)
    .bss                                     0x20000070   Section     3016  rtx_conf_cm.o(.bss)
    std_libspace                             0x20000918   Data         672  rtx_conf_cm.o(.bss)
    std_libmutex                             0x20000bb8   Data         128  rtx_conf_cm.o(.bss)
    .bss                                     0x20000c38   Section       52  rt_task.o(.bss)
    .bss                                     0x20000c6c   Section       48  rt_list.o(.bss)
    .bss                                     0x20000c9c   Section       96  libspace.o(.bss)
    .bss                                     0x20000cfc   Section       84  stdio_streams.o(.bss)
    .bss                                     0x20000d50   Section       84  stdio_streams.o(.bss)
    .bss                                     0x20000da4   Section       84  stdio_streams.o(.bss)
    HEAP                                     0x20000df8   Section     4096  startup_armcm3.o(HEAP)
    Heap_Mem                                 0x20000df8   Data        4096  startup_armcm3.o(HEAP)
    STACK                                    0x20001df8   Section     2048  startup_armcm3.o(STACK)
    Stack_Mem                                0x20001df8   Data        2048  startup_armcm3.o(STACK)
    __initial_sp                             0x200025f8   Data           0  startup_armcm3.o(STACK)

    Global Symbols

    Symbol Name                              Value     Ov Type        Size  Object(Section)

    BuildAttributes$$THM_ISAv4$P$D$K$B$S$PE$A:L22UL41UL21$X:L11$S22US41US21$IEEE1$IW$USESV6$~STKCKD$USESV7$~SHL$OTIME$ROPI$IEEEX$EBA8$UX$STANDARDLIB$REQ8$PRES8$EABIv2 0x00000000   Number         0  anon$$obj.o ABSOLUTE
    __ARM_use_no_argv                        0x00000000   Number         0  main.o ABSOLUTE
    __Vectors                                0x00000000   Data           4  startup_armcm3.o(RESET)
    _printf_flags                            0x00000000   Number         0  printf_stubs.o ABSOLUTE
    _printf_return_value                     0x00000000   Number         0  printf_stubs.o ABSOLUTE
    _printf_sizespec                         0x00000000   Number         0  printf_stubs.o ABSOLUTE
    _printf_widthprec                        0x00000000   Number         0  printf_stubs.o ABSOLUTE
    __ARM_exceptions_init                     - Undefined Weak Reference
    __alloca_initialize                       - Undefined Weak Reference
    __arm_preinit_                            - Undefined Weak Reference
    __cpp_initialize__aeabi_                  - Undefined Weak Reference
    __cxa_finalize                            - Undefined Weak Reference
    __sigvec_lookup                           - Undefined Weak Reference
    __user_heap_extent                        - Undefined Weak Reference
    _atexit_init                              - Undefined Weak Reference
    _call_atexit_fns                          - Undefined Weak Reference
    _clock_init                               - Undefined Weak Reference
    _fp_trap_init                             - Undefined Weak Reference
    _fp_trap_shutdown                         - Undefined Weak Reference
    _get_lc_collate                           - Undefined Weak Reference
    _get_lc_monetary                          - Undefined Weak Reference
    _get_lc_time                              - Undefined Weak Reference
    _getenv_init                              - Undefined Weak Reference
    _handle_redirection                       - Undefined Weak Reference
    _mutex_free                               - Undefined Weak Reference
    _printf_truncate_unsigned                 - Undefined Weak Reference
    _rand_init                                - Undefined Weak Reference
    _signal_finish                            - Undefined Weak Reference
    _signal_init                              - Undefined Weak Reference
    __Vectors_End                            0x000000c0   Data           0  startup_armcm3.o(RESET)
    __Vectors_Size                           0x000000c0   Number         0  startup_armcm3.o ABSOLUTE
    __main                                   0x000000c1   Thumb Code     8  __main.o(!!!main)
    __scatterload                            0x000000c9   Thumb Code     0  __scatter.o(!!!scatter)
    __scatterload_rt2                        0x000000c9   Thumb Code    44  __scatter.o(!!!scatter)
    __scatterload_rt2_thumb_only             0x000000c9   Thumb Code     0  __scatter.o(!!!scatter)
    __scatterload_null                       0x000000d7   Thumb Code     0  __scatter.o(!!!scatter)
    __scatterload_copy                       0x000000fd   Thumb Code    26  __scatter_copy.o(!!handler_copy)
    __scatterload_zeroinit                   0x00000119   Thumb Code    28  __scatter_zi.o(!!handler_zi)
    _printf_g                                0x00000135   Thumb Code     0  _printf_g.o(.ARM.Collect$$_printf_percent$$00000005)
    _printf_percent                          0x00000135   Thumb Code     0  _printf_percent.o(.ARM.Collect$$_printf_percent$$00000000)
    _printf_ll                               0x0000013b   Thumb Code     0  _printf_ll.o(.ARM.Collect$$_printf_percent$$00000007)
    _printf_x                                0x00000145   Thumb Code     0  _printf_x.o(.ARM.Collect$$_printf_percent$$0000000C)
    _printf_lld                              0x0000014b   Thumb Code     0  _printf_lld.o(.ARM.Collect$$_printf_percent$$0000000E)
    _printf_percent_end                      0x00000151   Thumb Code     0  _printf_percent_end.o(.ARM.Collect$$_printf_percent$$00000017)
    __rt_lib_init                            0x00000155   Thumb Code     0  libinit.o(.ARM.Collect$$libinit$$00000000)
    __rt_lib_init_fp_1                       0x00000157   Thumb Code     0  libinit2.o(.ARM.Collect$$libinit$$00000002)
    __rt_lib_init_heap_2                     0x00000157   Thumb Code     0  libinit2.o(.ARM.Collect$$libinit$$00000005)
    __rt_lib_init_preinit_1                  0x00000157   Thumb Code     0  libinit2.o(.ARM.Collect$$libinit$$00000004)
    __rt_lib_init_heap_1                     0x0000015f   Thumb Code     0  libinit2.o(.ARM.Collect$$libinit$$0000000A)
    __rt_lib_init_lc_common                  0x0000015f   Thumb Code     0  libinit2.o(.ARM.Collect$$libinit$$0000000F)
    __rt_lib_init_rand_1                     0x0000015f   Thumb Code     0  libinit2.o(.ARM.Collect$$libinit$$0000000E)
    __rt_lib_init_user_alloc_1               0x0000015f   Thumb Code     0  libinit2.o(.ARM.Collect$$libinit$$0000000C)
    __rt_lib_init_lc_collate_1               0x00000165   Thumb Code     0  libinit2.o(.ARM.Collect$$libinit$$00000011)
    __rt_lib_init_lc_ctype_1                 0x00000165   Thumb Code     0  libinit2.o(.ARM.Collect$$libinit$$00000013)
    __rt_lib_init_lc_monetary_1              0x00000165   Thumb Code     0  libinit2.o(.ARM.Collect$$libinit$$00000015)
    __rt_lib_init_lc_numeric_2               0x00000165   Thumb Code     0  libinit2.o(.ARM.Collect$$libinit$$00000016)
    __rt_lib_init_atexit_1                   0x0000016f   Thumb Code     0  libinit2.o(.ARM.Collect$$libinit$$0000001B)
    __rt_lib_init_clock_1                    0x0000016f   Thumb Code     0  libinit2.o(.ARM.Collect$$libinit$$00000021)
    __rt_lib_init_fp_trap_1                  0x0000016f   Thumb Code     0  libinit2.o(.ARM.Collect$$libinit$$0000001F)
    __rt_lib_init_getenv_1                   0x0000016f   Thumb Code     0  libinit2.o(.ARM.Collect$$libinit$$00000023)
    __rt_lib_init_lc_numeric_1               0x0000016f   Thumb Code     0  libinit2.o(.ARM.Collect$$libinit$$00000017)
    __rt_lib_init_lc_time_1                  0x0000016f   Thumb Code     0  libinit2.o(.ARM.Collect$$libinit$$00000019)
    __rt_lib_init_signal_1                   0x0000016f   Thumb Code     0  libinit2.o(.ARM.Collect$$libinit$$0000001D)
    __rt_lib_init_stdio_2                    0x0000016f   Thumb Code     0  libinit2.o(.ARM.Collect$$libinit$$00000024)
    __rt_lib_init_alloca_1                   0x00000173   Thumb Code     0  libinit2.o(.ARM.Collect$$libinit$$0000002E)
    __rt_lib_init_argv_1                     0x00000173   Thumb Code     0  libinit2.o(.ARM.Collect$$libinit$$0000002C)
    __rt_lib_init_cpp_1                      0x00000173   Thumb Code     0  libinit2.o(.ARM.Collect$$libinit$$00000032)
    __rt_lib_init_exceptions_1               0x00000173   Thumb Code     0  libinit2.o(.ARM.Collect$$libinit$$00000030)
    __rt_lib_init_return                     0x00000173   Thumb Code     0  libinit2.o(.ARM.Collect$$libinit$$00000033)
    __rt_lib_init_stdio_1                    0x00000173   Thumb Code     0  libinit2.o(.ARM.Collect$$libinit$$00000025)
    __rt_lib_shutdown                        0x00000175   Thumb Code     0  libshutdown.o(.ARM.Collect$$libshutdown$$00000000)
    __rt_lib_shutdown_stdio_2                0x00000177   Thumb Code     0  libshutdown2.o(.ARM.Collect$$libshutdown$$00000002)
    __rt_lib_shutdown_fp_trap_1              0x0000017b   Thumb Code     0  libshutdown2.o(.ARM.Collect$$libshutdown$$00000006)
    __rt_lib_shutdown_heap_1                 0x0000017b   Thumb Code     0  libshutdown2.o(.ARM.Collect$$libshutdown$$0000000E)
    __rt_lib_shutdown_return                 0x0000017b   Thumb Code     0  libshutdown2.o(.ARM.Collect$$libshutdown$$0000000F)
    __rt_lib_shutdown_signal_1               0x0000017b   Thumb Code     0  libshutdown2.o(.ARM.Collect$$libshutdown$$00000009)
    __rt_lib_shutdown_stdio_1                0x0000017b   Thumb Code     0  libshutdown2.o(.ARM.Collect$$libshutdown$$00000003)
    __rt_lib_shutdown_user_alloc_1           0x0000017b   Thumb Code     0  libshutdown2.o(.ARM.Collect$$libshutdown$$0000000B)
    __rt_entry                               0x0000017d   Thumb Code     0  __rtentry.o(.ARM.Collect$$rtentry$$00000000)
    __rt_entry_presh_1                       0x0000017d   Thumb Code     0  __rtentry2.o(.ARM.Collect$$rtentry$$00000002)
    __rt_entry_sh                            0x0000017d   Thumb Code     0  __rtentry4.o(.ARM.Collect$$rtentry$$00000004)
    __rt_entry_li                            0x00000183   Thumb Code     0  __rtentry2.o(.ARM.Collect$$rtentry$$0000000A)
    __rt_entry_postsh_1                      0x00000183   Thumb Code     0  __rtentry2.o(.ARM.Collect$$rtentry$$00000009)
    __rt_entry_postli_1                      0x00000187   Thumb Code     0  __rtentry2.o(.ARM.Collect$$rtentry$$0000000B)
    __rt_entry_main                          0x0000018f   Thumb Code     0  __rtentry2.o(.ARM.Collect$$rtentry$$0000000D)
    __rt_exit                                0x00000197   Thumb Code     0  rtexit.o(.ARM.Collect$$rtexit$$00000000)
    __rt_exit_ls                             0x00000199   Thumb Code     0  rtexit2.o(.ARM.Collect$$rtexit$$00000003)
    __rt_exit_prels_1                        0x00000199   Thumb Code     0  rtexit2.o(.ARM.Collect$$rtexit$$00000002)
    __rt_exit_exit                           0x0000019d   Thumb Code     0  rtexit2.o(.ARM.Collect$$rtexit$$00000004)
    _platform_post_lib_init                  0x000001a5   Thumb Code    24  rtx_conf_cm.o(.emb_text)
    rt_set_PSP                               0x000001c1   Thumb Code     6  hal_cm3.o(.emb_text)
    rt_get_PSP                               0x000001c7   Thumb Code     6  hal_cm3.o(.emb_text)
    os_set_env                               0x000001cd   Thumb Code    24  hal_cm3.o(.emb_text)
    _alloc_box                               0x000001e9   Thumb Code    28  hal_cm3.o(.emb_text)
    _free_box                                0x00000209   Thumb Code    28  hal_cm3.o(.emb_text)
    SVC_Handler                              0x00000229   Thumb Code   108  hal_cm3.o(.emb_text)
    PendSV_Handler                           0x000002a1   Thumb Code    56  hal_cm3.o(.emb_text)
    SysTick_Handler                          0x000002dd   Thumb Code     8  hal_cm3.o(.emb_text)
    OS_Tick_Handler                          0x000002e5   Thumb Code    12  hal_cm3.o(.emb_text)
    _maybe_terminate_alloc                   0x000002f1   Thumb Code     0  maybetermalloc1.o(.emb_text)
    add_2array_to_json                       0x000002f1   Thumb Code    98  main.o(.text)
    main                                     0x00000353   Thumb Code   114  main.o(.text)
    os_idle_demon                            0x000003d9   Thumb Code     4  rtx_conf_cm.o(.text)
    os_error                                 0x000003dd   Thumb Code    26  rtx_conf_cm.o(.text)
    __user_perthread_libspace                0x000003f7   Thumb Code    32  rtx_conf_cm.o(.text)
    _mutex_initialize                        0x00000417   Thumb Code    34  rtx_conf_cm.o(.text)
    _mutex_acquire                           0x00000439   Thumb Code    22  rtx_conf_cm.o(.text)
    _mutex_release                           0x0000044f   Thumb Code    18  rtx_conf_cm.o(.text)
    __RL_RTX_VER                             0x00000478   Number         0  rt_system.o ABSOLUTE
    ITM_SendChar                             0x0000047d   Thumb Code    42  retarget_io.o(.text)
    ITM_ReceiveChar                          0x000004a7   Thumb Code    26  retarget_io.o(.text)
    _sys_open                                0x000004cd   Thumb Code    80  retarget_io.o(.text)
    _sys_close                               0x0000051d   Thumb Code    38  retarget_io.o(.text)
    _sys_write                               0x00000543   Thumb Code    70  retarget_io.o(.text)
    _sys_read                                0x00000589   Thumb Code    46  retarget_io.o(.text)
    _sys_istty                               0x000005b7   Thumb Code    36  retarget_io.o(.text)
    _sys_seek                                0x000005db   Thumb Code    44  retarget_io.o(.text)
    _sys_flen                                0x00000607   Thumb Code    36  retarget_io.o(.text)
    seed_from_timestamp_and_pid              0x00000651   Thumb Code     6  jansson_config.o(.text)
    Reset_Handler                            0x00000659   Thumb Code     8  startup_armcm3.o(.text)
    NMI_Handler                              0x00000661   Thumb Code     2  startup_armcm3.o(.text)
    HardFault_Handler                        0x00000663   Thumb Code     2  startup_armcm3.o(.text)
    MemManage_Handler                        0x00000665   Thumb Code     2  startup_armcm3.o(.text)
    BusFault_Handler                         0x00000667   Thumb Code     2  startup_armcm3.o(.text)
    UsageFault_Handler                       0x00000669   Thumb Code     2  startup_armcm3.o(.text)
    DebugMon_Handler                         0x0000066d   Thumb Code     2  startup_armcm3.o(.text)
    AACI_IRQHandler                          0x00000673   Thumb Code     0  startup_armcm3.o(.text)
    CAN_IRQHandler                           0x00000673   Thumb Code     0  startup_armcm3.o(.text)
    CHLCD_IRQHandler                         0x00000673   Thumb Code     0  startup_armcm3.o(.text)
    CLCD_IRQHandler                          0x00000673   Thumb Code     0  startup_armcm3.o(.text)
    CPU_CLCD_IRQHandler                      0x00000673   Thumb Code     0  startup_armcm3.o(.text)
    ENET_IRQHandler                          0x00000673   Thumb Code     0  startup_armcm3.o(.text)
    FLEXRAY_IRQHandler                       0x00000673   Thumb Code     0  startup_armcm3.o(.text)
    I2C_IRQHandler                           0x00000673   Thumb Code     0  startup_armcm3.o(.text)
    LIN_IRQHandler                           0x00000673   Thumb Code     0  startup_armcm3.o(.text)
    MCIA_IRQHandler                          0x00000673   Thumb Code     0  startup_armcm3.o(.text)
    MCIB_IRQHandler                          0x00000673   Thumb Code     0  startup_armcm3.o(.text)
    RTC_IRQHandler                           0x00000673   Thumb Code     0  startup_armcm3.o(.text)
    SPI_IRQHandler                           0x00000673   Thumb Code     0  startup_armcm3.o(.text)
    TIM0_IRQHandler                          0x00000673   Thumb Code     0  startup_armcm3.o(.text)
    TIM2_IRQHandler                          0x00000673   Thumb Code     0  startup_armcm3.o(.text)
    UART0_IRQHandler                         0x00000673   Thumb Code     0  startup_armcm3.o(.text)
    UART1_IRQHandler                         0x00000673   Thumb Code     0  startup_armcm3.o(.text)
    UART2_IRQHandler                         0x00000673   Thumb Code     0  startup_armcm3.o(.text)
    UART3_IRQHandler                         0x00000673   Thumb Code     0  startup_armcm3.o(.text)
    UART4_IRQHandler                         0x00000673   Thumb Code     0  startup_armcm3.o(.text)
    USBDC_IRQHandler                         0x00000673   Thumb Code     0  startup_armcm3.o(.text)
    USBHC_IRQHandler                         0x00000673   Thumb Code     0  startup_armcm3.o(.text)
    WDT_IRQHandler                           0x00000673   Thumb Code     0  startup_armcm3.o(.text)
    __user_initial_stackheap                 0x00000675   Thumb Code    10  startup_armcm3.o(.text)
    SystemCoreClockUpdate                    0x00000699   Thumb Code     8  system_armcm3.o(.text)
    SystemInit                               0x000006a1   Thumb Code     8  system_armcm3.o(.text)
    __user_libspace                          0x000006b1   Thumb Code     8  libspace.o(.text)
    __user_perproc_libspace                  0x000006b1   Thumb Code     0  libspace.o(.text)
    __aeabi_errno_addr                       0x000006b9   Thumb Code     4  rt_errno_addr_twolibspace.o(.text)
    __errno$twolibspace                      0x000006b9   Thumb Code     0  rt_errno_addr_twolibspace.o(.text)
    __rt_errno_addr$twolibspace              0x000006b9   Thumb Code     0  rt_errno_addr_twolibspace.o(.text)
    _malloc_internal                         0x000006c5   Thumb Code   130  h1_alloc_mt.o(.text)
    malloc                                   0x00000747   Thumb Code    20  h1_alloc_mt.o(.text)
    _free_internal                           0x0000075b   Thumb Code    98  h1_free_mt.o(.text)
    free                                     0x000007bd   Thumb Code    20  h1_free_mt.o(.text)
    __2sprintf                               0x000007d1   Thumb Code    38  __2sprintf.o(.text)
    __2snprintf                              0x000007fd   Thumb Code    50  __2snprintf.o(.text)
    _printf_pre_padding                      0x00000835   Thumb Code    44  _printf_pad.o(.text)
    _printf_post_padding                     0x00000861   Thumb Code    34  _printf_pad.o(.text)
    _printf_longlong_dec                     0x00000885   Thumb Code   108  _printf_longlong_dec.o(.text)
    _printf_int_hex                          0x00000901   Thumb Code    84  _printf_hex_int.o(.text)
    _printf_longlong_hex                     0x00000901   Thumb Code     0  _printf_hex_int.o(.text)
    __printf                                 0x00000959   Thumb Code   388  __printf_flags_ss_wp.o(.text)
    _fclose$unlocked                         0x00000ae1   Thumb Code     0  fclose.o(.text)
    _fclose_internal                         0x00000ae1   Thumb Code    76  fclose.o(.text)
    freopen                                  0x00000bdb   Thumb Code    42  fopen_locked.o(.text)
    fopen                                    0x00000c05   Thumb Code   100  fopen_locked.o(.text)
    exit                                     0x00000c71   Thumb Code    12  exit.o(.text)
    abort                                    0x00000c7d   Thumb Code    16  abort.o(.text)
    qsort                                    0x00000e6b   Thumb Code   134  qsortnoex.o(.text)
    strchr                                   0x00000ef1   Thumb Code    20  strchr.o(.text)
    strcpy                                   0x00000f05   Thumb Code    72  strcpy.o(.text)
    strlen                                   0x00000f4d   Thumb Code    62  strlen.o(.text)
    __aeabi_memcpy                           0x00000f8b   Thumb Code     0  rt_memcpy_v6.o(.text)
    __rt_memcpy                              0x00000f8b   Thumb Code   138  rt_memcpy_v6.o(.text)
    _memcpy_lastbytes                        0x00000ff1   Thumb Code     0  rt_memcpy_v6.o(.text)
    __aeabi_memmove                          0x00001015   Thumb Code     0  rt_memmove_v6.o(.text)
    __rt_memmove                             0x00001015   Thumb Code   132  rt_memmove_v6.o(.text)
    __memmove_lastfew                        0x00001075   Thumb Code     0  rt_memmove_v6.o(.text)
    __aeabi_memcpy4                          0x00001099   Thumb Code     0  rt_memcpy_w.o(.text)
    __aeabi_memcpy8                          0x00001099   Thumb Code     0  rt_memcpy_w.o(.text)
    __rt_memcpy_w                            0x00001099   Thumb Code   100  rt_memcpy_w.o(.text)
    _memcpy_lastbytes_aligned                0x000010e1   Thumb Code     0  rt_memcpy_w.o(.text)
    __aeabi_memmove4                         0x000010fd   Thumb Code     0  rt_memmove_w.o(.text)
    __aeabi_memmove8                         0x000010fd   Thumb Code     0  rt_memmove_w.o(.text)
    __rt_memmove_w                           0x000010fd   Thumb Code   122  rt_memmove_w.o(.text)
    __memmove_aligned                        0x00001123   Thumb Code     0  rt_memmove_w.o(.text)
    __memmove_lastfew_aligned                0x0000115b   Thumb Code     0  rt_memmove_w.o(.text)
    strcmp                                   0x00001179   Thumb Code   128  strcmpv7m.o(.text)
    __use_two_region_memory                  0x000011f9   Thumb Code     2  heapauxi.o(.text)
    __rt_heap_escrow                         0x000011fb   Thumb Code     2  heapauxi.o(.text)
    __rt_heap_expand                         0x000011fd   Thumb Code     2  heapauxi.o(.text)
    _sys_exit                                0x00001201   Thumb Code     8  sys_exit.o(.text)
    __rt_heap_descriptor                     0x0000120d   Thumb Code    10  rt_heap_descriptor_twolibspace.o(.text)
    __use_no_heap                            0x00001217   Thumb Code     2  hguard.o(.text)
    __heap$guard                             0x00001219   Thumb Code     2  hguard.o(.text)
    _terminate_user_alloc                    0x0000121b   Thumb Code     2  init_alloc.o(.text)
    _init_user_alloc                         0x0000121d   Thumb Code     2  init_alloc.o(.text)
    __Heap_Full                              0x0000121f   Thumb Code    34  init_alloc.o(.text)
    __Heap_Broken                            0x00001241   Thumb Code     6  init_alloc.o(.text)
    _init_alloc                              0x00001247   Thumb Code    94  init_alloc.o(.text)
    __Heap_Initialize                        0x000012a5   Thumb Code    14  h1_init_mt.o(.text)
    __Heap_DescSize                          0x000012b3   Thumb Code     4  h1_init_mt.o(.text)
    _ll_udiv10                               0x000012b7   Thumb Code   138  lludiv10.o(.text)
    _printf_int_common                       0x00001341   Thumb Code   178  _printf_intcommon.o(.text)
    __lib_sel_fp_printf                      0x000013f3   Thumb Code     2  _printf_fp_dec.o(.text)
    _printf_fp_dec_real                      0x000015a1   Thumb Code   620  _printf_fp_dec.o(.text)
    _printf_char_common                      0x00001817   Thumb Code    32  _printf_char_common.o(.text)
    _sputc                                   0x0000183d   Thumb Code    10  _sputc.o(.text)
    _snputc                                  0x00001847   Thumb Code    16  _snputc.o(.text)
    _fseek                                   0x00001859   Thumb Code   242  fseek.o(.text)
    fseek                                    0x00001859   Thumb Code     0  fseek.o(.text)
    _seterr                                  0x00001951   Thumb Code    20  stdio.o(.text)
    _writebuf                                0x00001965   Thumb Code    84  stdio.o(.text)
    _fflush                                  0x000019b9   Thumb Code    70  stdio.o(.text)
    _deferredlazyseek                        0x000019ff   Thumb Code    60  stdio.o(.text)
    __rt_SIGABRT                             0x00001a41   Thumb Code    14  defsig_abrt_outer.o(.text)
    __aeabi_memclr4                          0x00001a4f   Thumb Code     0  rt_memclr_w.o(.text)
    __aeabi_memclr8                          0x00001a4f   Thumb Code     0  rt_memclr_w.o(.text)
    __rt_memclr_w                            0x00001a4f   Thumb Code    78  rt_memclr_w.o(.text)
    _memset_w                                0x00001a53   Thumb Code     0  rt_memclr_w.o(.text)
    __I$use$semihosting                      0x00001a9d   Thumb Code     0  use_no_semi.o(.text)
    __use_no_semihosting_swi                 0x00001a9d   Thumb Code     2  use_no_semi.o(.text)
    __rt_locale                              0x00001a9f   Thumb Code    10  rt_locale_twolibspace.o(.text)
    __semihosting_library_function           0x00001a9f   Thumb Code     0  indicate_semi.o(.text)
    __Heap_ProvideMemory                     0x00001aa9   Thumb Code    62  h1_extend_mt.o(.text)
    _printf_fp_infnan                        0x00001ae9   Thumb Code   112  _printf_fp_infnan.o(.text)
    _btod_etento                             0x00001b69   Thumb Code   216  bigflt0.o(.text)
    __flsbuf                                 0x00001c45   Thumb Code   470  flsbuf.o(.text)
    __flsbuf_byte                            0x00001c45   Thumb Code     0  flsbuf.o(.text)
    __flsbuf_wide                            0x00001c45   Thumb Code     0  flsbuf.o(.text)
    _ftell_internal                          0x00001e1b   Thumb Code    66  ftell.o(.text)
    ftell                                    0x00001e1b   Thumb Code     0  ftell.o(.text)
    _initio                                  0x00001e5d   Thumb Code   240  initio_locked.o(.text)
    _terminateio                             0x00001f4d   Thumb Code   168  initio_locked.o(.text)
    __sig_exit                               0x00002025   Thumb Code    10  defsig_exit.o(.text)
    __rt_SIGABRT_inner                       0x00002031   Thumb Code    14  defsig_abrt_inner.o(.text)
    __rt_SIGRTMEM                            0x00002061   Thumb Code    14  defsig_rtmem_outer.o(.text)
    __user_setup_stackheap                   0x0000206f   Thumb Code    74  sys_stackheap_outer.o(.text)
    puts                                     0x000020b9   Thumb Code    58  puts_locked.o(.text)
    setvbuf                                  0x000020f9   Thumb Code   104  setvbuf_locked.o(.text)
    __default_signal_display                 0x00002161   Thumb Code    50  defsig_general.o(.text)
    __rt_SIGRTRED                            0x00002193   Thumb Code    14  defsig_rtred_outer.o(.text)
    __rt_SIGRTMEM_inner                      0x000021a1   Thumb Code    22  defsig_rtmem_inner.o(.text)
    _ttywrch                                 0x000021f1   Thumb Code    14  sys_wrch.o(.text)
    __rt_SIGRTRED_inner                      0x00002201   Thumb Code    14  defsig_rtred_inner.o(.text)
    _btod_d2e                                0x00002235   Thumb Code    62  btod.o(CL$$btod_d2e)
    _d2e_denorm_low                          0x00002273   Thumb Code    70  btod.o(CL$$btod_d2e_denorm_low)
    _d2e_norm_op1                            0x000022b9   Thumb Code    96  btod.o(CL$$btod_d2e_norm_op1)
    __btod_div_common                        0x00002319   Thumb Code   696  btod.o(CL$$btod_div_common)
    _e2e                                     0x00002651   Thumb Code   198  btod.o(CL$$btod_e2e)
    _btod_ediv                               0x00002717   Thumb Code    40  btod.o(CL$$btod_ediv)
    _btod_emul                               0x0000273f   Thumb Code    40  btod.o(CL$$btod_emul)
    __btod_mult_common                       0x00002767   Thumb Code   580  btod.o(CL$$btod_mult_common)
    SVC_Count                                0x000029ac   Data           4  svc_table.o(SVC_TABLE)
    SVC_Table                                0x000029b0   Data           0  svc_table.o(SVC_TABLE)
    __ARM_common_switch8                     0x000029b1   Thumb Code    26  dump.o(i.__ARM_common_switch8)
    __ARM_fpclassify                         0x000029cb   Thumb Code    40  fpclassify.o(i.__ARM_fpclassify)
    _init_box                                0x000029f3   Thumb Code    70  rt_membox.o(i._init_box)
    _is_digit                                0x00002a39   Thumb Code    14  __printf_wp.o(i._is_digit)
    dbg_init                                 0x00002a75   Thumb Code    34  hal_cm.o(i.dbg_init)
    dbg_task_notify                          0x00002aa5   Thumb Code    32  hal_cm.o(i.dbg_task_notify)
    dbg_task_switch                          0x00002ac5   Thumb Code    16  hal_cm.o(i.dbg_task_switch)
    _fputc$unlocked                          0x00003025   Thumb Code    26  fputc.o(i.fputc)
    hashtable_close                          0x00003185   Thumb Code    16  hashtable.o(i.hashtable_close)
    hashtable_get                            0x00003269   Thumb Code    58  hashtable.o(i.hashtable_get)
    hashtable_init                           0x000032a9   Thumb Code    72  hashtable.o(i.hashtable_init)
    hashtable_iter                           0x000032f1   Thumb Code    12  hashtable.o(i.hashtable_iter)
    hashtable_iter_key                       0x000032fd   Thumb Code     4  hashtable.o(i.hashtable_iter_key)
    hashtable_iter_next                      0x00003301   Thumb Code    14  hashtable.o(i.hashtable_iter_next)
    hashtable_iter_serial                    0x0000330f   Thumb Code     4  hashtable.o(i.hashtable_iter_serial)
    hashtable_iter_value                     0x00003313   Thumb Code     4  hashtable.o(i.hashtable_iter_value)
    hashtable_set                            0x00003319   Thumb Code   168  hashtable.o(i.hashtable_set)
    isrMessageGet                            0x000033ef   Thumb Code    42  rt_cmsis.o(i.isrMessageGet)
    isrMessagePut                            0x00003419   Thumb Code    44  rt_cmsis.o(i.isrMessagePut)
    isr_mbx_receive                          0x00003445   Thumb Code    82  rt_mailbox.o(i.isr_mbx_receive)
    isr_mbx_send                             0x00003497   Thumb Code    14  rt_mailbox.o(i.isr_mbx_send)
    json_array                               0x000034a5   Thumb Code    54  value.o(i.json_array)
    json_array_append_new                    0x000034dd   Thumb Code    68  value.o(i.json_array_append_new)
    json_array_get                           0x00003525   Thumb Code    28  value.o(i.json_array_get)
    json_array_size                          0x0000358d   Thumb Code    18  value.o(i.json_array_size)
    json_delete                              0x000035cf   Thumb Code    84  value.o(i.json_delete)
    json_dump_callback                       0x00003623   Thumb Code    42  dump.o(i.json_dump_callback)
    json_dumps                               0x0000364d   Thumb Code    62  dump.o(i.json_dumps)
    json_integer                             0x00003691   Thumb Code    28  value.o(i.json_integer)
    json_integer_value                       0x000036ad   Thumb Code    24  value.o(i.json_integer_value)
    json_object                              0x000036c5   Thumb Code    70  value.o(i.json_object)
    json_object_get                          0x00003711   Thumb Code    28  value.o(i.json_object_get)
    json_object_iter                         0x0000372d   Thumb Code    24  value.o(i.json_object_iter)
    json_object_iter_key                     0x00003745   Thumb Code    12  value.o(i.json_object_iter_key)
    json_object_iter_next                    0x00003751   Thumb Code    28  value.o(i.json_object_iter_next)
    json_object_iter_value                   0x0000376d   Thumb Code    12  value.o(i.json_object_iter_value)
    json_object_seed                         0x00003779   Thumb Code    34  hashtable_seed.o(i.json_object_seed)
    json_object_set_new                      0x000037a1   Thumb Code    52  value.o(i.json_object_set_new)
    json_object_set_new_nocheck              0x000037d5   Thumb Code    58  value.o(i.json_object_set_new_nocheck)
    json_object_size                         0x00003815   Thumb Code    18  value.o(i.json_object_size)
    json_real_value                          0x00003827   Thumb Code    24  value.o(i.json_real_value)
    json_string_length                       0x0000383f   Thumb Code    18  value.o(i.json_string_length)
    json_string_value                        0x00003851   Thumb Code    18  value.o(i.json_string_value)
    jsonp_dtostr                             0x00003865   Thumb Code   150  strconv.o(i.jsonp_dtostr)
    jsonp_free                               0x00003905   Thumb Code    12  memory.o(i.jsonp_free)
    jsonp_malloc                             0x00003915   Thumb Code    12  memory.o(i.jsonp_malloc)
    jsonp_strdup                             0x00003925   Thumb Code    18  memory.o(i.jsonp_strdup)
    jsonp_strndup                            0x00003937   Thumb Code    36  memory.o(i.jsonp_strndup)
    osKernelInitialize                       0x00003991   Thumb Code    30  rt_cmsis.o(i.osKernelInitialize)
    osKernelStart                            0x000039b5   Thumb Code    98  rt_cmsis.o(i.osKernelStart)
    osMessageGet                             0x00003a21   Thumb Code    18  rt_cmsis.o(i.osMessageGet)
    osThreadCreate                           0x00003a39   Thumb Code    38  rt_cmsis.o(i.osThreadCreate)
    osThreadExit                             0x00003a69   Thumb Code    14  rt_cmsis.o(i.osThreadExit)
    osTimerCall                              0x00003a81   Thumb Code     8  rt_cmsis.o(i.osTimerCall)
    osTimerThread                            0x00003a8d   Thumb Code    38  rt_cmsis.o(i.osTimerThread)
    os_tick_init                             0x00003ab9   Thumb Code    32  rt_system.o(i.os_tick_init)
    os_tick_irqack                           0x00003ae1   Thumb Code     2  rt_system.o(i.os_tick_irqack)
    rt_alloc_box                             0x00003ae3   Thumb Code    26  rt_membox.o(i.rt_alloc_box)
    rt_alloc_mem                             0x00003afd   Thumb Code    62  rt_memory.o(i.rt_alloc_mem)
    rt_block                                 0x00003b3d   Thumb Code    48  rt_task.o(i.rt_block)
    rt_chk_robin                             0x00003b75   Thumb Code    60  rt_robin.o(i.rt_chk_robin)
    rt_dec_dly                               0x00003bbd   Thumb Code   102  rt_list.o(i.rt_dec_dly)
    rt_dispatch                              0x00003c2d   Thumb Code    60  rt_task.o(i.rt_dispatch)
    rt_evt_psh                               0x00003c71   Thumb Code    76  rt_event.o(i.rt_evt_psh)
    rt_free_box                              0x00003cc1   Thumb Code    32  rt_membox.o(i.rt_free_box)
    rt_free_mem                              0x00003ce1   Thumb Code    40  rt_memory.o(i.rt_free_mem)
    rt_get_first                             0x00003d09   Thumb Code    40  rt_list.o(i.rt_get_first)
    rt_init_mem                              0x00003d81   Thumb Code    26  rt_memory.o(i.rt_init_mem)
    rt_init_robin                            0x00003d9d   Thumb Code    14  rt_robin.o(i.rt_init_robin)
    rt_init_stack                            0x00003db5   Thumb Code   118  hal_cm.o(i.rt_init_stack)
    rt_mbx_check                             0x00003e35   Thumb Code     8  rt_mailbox.o(i.rt_mbx_check)
    rt_mbx_init                              0x00003e3d   Thumb Code    26  rt_mailbox.o(i.rt_mbx_init)
    rt_mbx_psh                               0x00003e59   Thumb Code   236  rt_mailbox.o(i.rt_mbx_psh)
    rt_mbx_wait                              0x00003f49   Thumb Code   174  rt_mailbox.o(i.rt_mbx_wait)
    rt_mut_init                              0x00004039   Thumb Code    16  rt_mutex.o(i.rt_mut_init)
    rt_mut_release                           0x00004049   Thumb Code   208  rt_mutex.o(i.rt_mut_release)
    rt_mut_wait                              0x00004121   Thumb Code   100  rt_mutex.o(i.rt_mut_wait)
    rt_pop_req                               0x00004189   Thumb Code   112  rt_system.o(i.rt_pop_req)
    rt_psh_req                               0x00004205   Thumb Code    22  rt_system.o(i.rt_psh_req)
    rt_psq_enq                               0x00004225   Thumb Code    88  rt_list.o(i.rt_psq_enq)
    rt_put_dly                               0x00004281   Thumb Code    68  rt_list.o(i.rt_put_dly)
    rt_put_prio                              0x000042c9   Thumb Code    54  rt_list.o(i.rt_put_prio)
    rt_put_rdy_first                         0x00004301   Thumb Code    14  rt_list.o(i.rt_put_rdy_first)
    rt_resort_prio                           0x00004315   Thumb Code    46  rt_list.o(i.rt_resort_prio)
    rt_ret_val                               0x00004349   Thumb Code     6  hal_cm.o(i.rt_ret_val)
    rt_ret_val2                              0x0000434f   Thumb Code     8  hal_cm.o(i.rt_ret_val2)
    rt_rmv_dly                               0x00004357   Thumb Code    40  rt_list.o(i.rt_rmv_dly)
    rt_rmv_list                              0x00004381   Thumb Code    44  rt_list.o(i.rt_rmv_list)
    rt_sem_psh                               0x000043b1   Thumb Code    48  rt_semaphore.o(i.rt_sem_psh)
    rt_stk_check                             0x000043e5   Thumb Code    28  rt_system.o(i.rt_stk_check)
    rt_switch_req                            0x00004409   Thumb Code    30  rt_task.o(i.rt_switch_req)
    rt_sys_init                              0x00004431   Thumb Code   138  rt_task.o(i.rt_sys_init)
    rt_sys_start                             0x000044fd   Thumb Code   110  rt_task.o(i.rt_sys_start)
    rt_systick                               0x00004575   Thumb Code    50  rt_system.o(i.rt_systick)
    rt_tsk_create                            0x000045fd   Thumb Code   112  rt_task.o(i.rt_tsk_create)
    rt_tsk_delete                            0x0000467d   Thumb Code   342  rt_task.o(i.rt_tsk_delete)
    rt_tsk_prio                              0x000047f1   Thumb Code   108  rt_task.o(i.rt_tsk_prio)
    rt_tsk_self                              0x0000486d   Thumb Code    12  rt_task.o(i.rt_tsk_self)
    strbuffer_append_bytes                   0x0000487d   Thumb Code   108  strbuffer.o(i.strbuffer_append_bytes)
    strbuffer_close                          0x000048ed   Thumb Code    24  strbuffer.o(i.strbuffer_close)
    strbuffer_init                           0x00004905   Thumb Code    34  strbuffer.o(i.strbuffer_init)
    strbuffer_value                          0x00004927   Thumb Code     4  strbuffer.o(i.strbuffer_value)
    svcKernelInitialize                      0x0000492d   Thumb Code    80  rt_cmsis.o(i.svcKernelInitialize)
    svcKernelStart                           0x0000499d   Thumb Code    62  rt_cmsis.o(i.svcKernelStart)
    svcMessageCreate                         0x000049e5   Thumb Code    36  rt_cmsis.o(i.svcMessageCreate)
    svcMessageGet                            0x00004a09   Thumb Code    58  rt_cmsis.o(i.svcMessageGet)
    svcThreadCreate                          0x00004a45   Thumb Code   100  rt_cmsis.o(i.svcThreadCreate)
    svcThreadGetId                           0x00004ab5   Thumb Code    22  rt_cmsis.o(i.svcThreadGetId)
    svcThreadTerminate                       0x00004ad1   Thumb Code    50  rt_cmsis.o(i.svcThreadTerminate)
    svcTimerCall                             0x00004b09   Thumb Code    24  rt_cmsis.o(i.svcTimerCall)
    sysTimerTick                             0x00004b21   Thumb Code    84  rt_cmsis.o(i.sysTimerTick)
    utf8_check_first                         0x00004b7d   Thumb Code    60  utf.o(i.utf8_check_first)
    utf8_check_full                          0x00004bb9   Thumb Code   126  utf.o(i.utf8_check_full)
    utf8_check_string                        0x00004c41   Thumb Code    62  utf.o(i.utf8_check_string)
    utf8_iterate                             0x00004c7f   Thumb Code    64  utf.o(i.utf8_iterate)
    _get_lc_numeric                          0x00004cc1   Thumb Code    44  lc_numeric_c.o(locale$$code)
    _printf_fp_dec                           0x00004ced   Thumb Code     4  printf1.o(x$fpl$printf1)
    __I$use$fp                               0x00004cf0   Number         0  usenofp.o(x$fpl$usenofp)
    __aeabi_uidivmod                         0x00004cf1   Thumb Code    12  aeabi_sdiv.o(x$udivmod)
    os_maxtaskrun                            0x00004d54   Data           2  rtx_conf_cm.o(.constdata)
    os_stackinfo                             0x00004d58   Data           4  rtx_conf_cm.o(.constdata)
    os_rrobin                                0x00004d5c   Data           4  rtx_conf_cm.o(.constdata)
    os_tickfreq                              0x00004d60   Data           4  rtx_conf_cm.o(.constdata)
    os_tickus_i                              0x00004d64   Data           2  rtx_conf_cm.o(.constdata)
    os_tickus_f                              0x00004d66   Data           2  rtx_conf_cm.o(.constdata)
    os_trv                                   0x00004d68   Data           4  rtx_conf_cm.o(.constdata)
    os_flags                                 0x00004d6c   Data           1  rtx_conf_cm.o(.constdata)
    CMSIS_RTOS_API_Version                   0x00004d70   Data           4  rtx_conf_cm.o(.constdata)
    CMSIS_RTOS_RTX_Version                   0x00004d74   Data           4  rtx_conf_cm.o(.constdata)
    os_clockrate                             0x00004d78   Data           4  rtx_conf_cm.o(.constdata)
    os_timernum                              0x00004d7c   Data           4  rtx_conf_cm.o(.constdata)
    mp_tcb_size                              0x00004d80   Data           2  rtx_conf_cm.o(.constdata)
    mp_stk_size                              0x00004d84   Data           4  rtx_conf_cm.o(.constdata)
    os_stack_sz                              0x00004d88   Data           4  rtx_conf_cm.o(.constdata)
    os_fifo_size                             0x00004d8c   Data           1  rtx_conf_cm.o(.constdata)
    os_thread_def_osTimerThread              0x00004d90   Data          16  rtx_conf_cm.o(.constdata)
    os_messageQ_def_osTimerMessageQ          0x00004da0   Data           8  rtx_conf_cm.o(.constdata)
    mp_tmr_size                              0x00004da8   Data           2  rtx_conf_cm.o(.constdata)
    __stdin_name                             0x00004daa   Data           7  retarget_io.o(.constdata)
    __stdout_name                            0x00004db1   Data           8  retarget_io.o(.constdata)
    __stderr_name                            0x00004db9   Data           8  retarget_io.o(.constdata)
    Region$$Table$$Base                      0x00004eb0   Number         0  anon$$obj.o(Region$$Table)
    Region$$Table$$Limit                     0x00004ed0   Number         0  anon$$obj.o(Region$$Table)
    osThreadId_osTimerThread                 0x20000000   Data           4  rtx_conf_cm.o(.data)
    osMessageQId_osTimerMessageQ             0x20000004   Data           4  rtx_conf_cm.o(.data)
    os_tmr                                   0x20000008   Data           4  rtx_conf_cm.o(.data)
    m_tmr                                    0x2000000c   Data           4  rtx_conf_cm.o(.data)
    os_thread_def_main                       0x20000014   Data          16  rtx_conf_cm.o(.data)
    ITM_RxBuffer                             0x20000024   Data           4  retarget_io.o(.data)
    SystemCoreClock                          0x20000028   Data           4  system_armcm3.o(.data)
    os_initialized                           0x2000002c   Data           1  rt_cmsis.o(.data)
    os_running                               0x2000002d   Data           1  rt_cmsis.o(.data)
    os_timer_head                            0x20000030   Data           4  rt_cmsis.o(.data)
    os_tsk                                   0x20000034   Data           8  rt_task.o(.data)
    os_tick_irqn                             0x20000040   Data           4  rt_system.o(.data)
    os_time                                  0x20000044   Data           4  rt_time.o(.data)
    os_robin                                 0x20000048   Data           8  rt_robin.o(.data)
    dbg_msg                                  0x20000050   Data           1  hal_cm.o(.data)
    hashtable_seed                           0x2000005c   Data           4  hashtable_seed.o(.data)
    _stream_list_lock                        0x20000060   Data           4  streamlock.o(.data)
    __aeabi_stdin                            0x20000064   Data           4  stdio_streams.o(.data)
    __aeabi_stdout                           0x20000068   Data           4  stdio_streams.o(.data)
    __aeabi_stderr                           0x2000006c   Data           4  stdio_streams.o(.data)
    mp_tcb                                   0x20000070   Data         376  rtx_conf_cm.o(.bss)
    mp_stk                                   0x200001e8   Data        1216  rtx_conf_cm.o(.bss)
    os_stack_mem                             0x200006a8   Data         432  rtx_conf_cm.o(.bss)
    os_fifo                                  0x20000858   Data         132  rtx_conf_cm.o(.bss)
    os_active_TCB                            0x200008dc   Data          28  rtx_conf_cm.o(.bss)
    os_messageQ_q_osTimerMessageQ            0x200008f8   Data          32  rtx_conf_cm.o(.bss)
    os_idle_TCB                              0x20000c38   Data          52  rt_task.o(.bss)
    os_rdy                                   0x20000c6c   Data          24  rt_list.o(.bss)
    os_dly                                   0x20000c84   Data          24  rt_list.o(.bss)
    __libspace_start                         0x20000c9c   Data          96  libspace.o(.bss)
    __stdin                                  0x20000cfc   Data          84  stdio_streams.o(.bss)
    __temporary_stack_top$libspace           0x20000cfc   Data           0  libspace.o(.bss)
    __stdout                                 0x20000d50   Data          84  stdio_streams.o(.bss)
    __stderr                                 0x20000da4   Data          84  stdio_streams.o(.bss)



==============================================================================

Memory Map of the image

  Image Entry point : 0x00000659

  Load Region LR_1 (Base: 0x00000000, Size: 0x00004f5c, Max: 0xffffffff, ABSOLUTE)

    Execution Region ER_RO (Base: 0x00000000, Size: 0x00004eec, Max: 0xffffffff, ABSOLUTE)

    Base Addr    Size         Type   Attr      Idx    E Section Name        Object

    0x00000000   0x000000c0   Data   RO          145    RESET               startup_armcm3.o
    0x000000c0   0x00000008   Code   RO         2436  * !!!main             c_w.l(__main.o)
    0x000000c8   0x00000034   Code   RO         2876    !!!scatter          c_w.l(__scatter.o)
    0x000000fc   0x0000001a   Code   RO         2878    !!handler_copy      c_w.l(__scatter_copy.o)
    0x00000116   0x00000002   PAD
    0x00000118   0x0000001c   Code   RO         2880    !!handler_zi        c_w.l(__scatter_zi.o)
    0x00000134   0x00000000   Code   RO         2352    .ARM.Collect$$_printf_percent$$00000000  c_w.l(_printf_percent.o)
    0x00000134   0x00000006   Code   RO         2351    .ARM.Collect$$_printf_percent$$00000005  c_w.l(_printf_g.o)
    0x0000013a   0x0000000a   Code   RO         2503    .ARM.Collect$$_printf_percent$$00000007  c_w.l(_printf_ll.o)
    0x00000144   0x00000006   Code   RO         2350    .ARM.Collect$$_printf_percent$$0000000C  c_w.l(_printf_x.o)
    0x0000014a   0x00000006   Code   RO         2353    .ARM.Collect$$_printf_percent$$0000000E  c_w.l(_printf_lld.o)
    0x00000150   0x00000004   Code   RO         2502    .ARM.Collect$$_printf_percent$$00000017  c_w.l(_printf_percent_end.o)
    0x00000154   0x00000002   Code   RO         2738    .ARM.Collect$$libinit$$00000000  c_w.l(libinit.o)
    0x00000156   0x00000000   Code   RO         2532    .ARM.Collect$$libinit$$00000002  c_w.l(libinit2.o)
    0x00000156   0x00000000   Code   RO         2534    .ARM.Collect$$libinit$$00000004  c_w.l(libinit2.o)
    0x00000156   0x00000008   Code   RO         2535    .ARM.Collect$$libinit$$00000005  c_w.l(libinit2.o)
    0x0000015e   0x00000000   Code   RO         2537    .ARM.Collect$$libinit$$0000000A  c_w.l(libinit2.o)
    0x0000015e   0x00000000   Code   RO         2539    .ARM.Collect$$libinit$$0000000C  c_w.l(libinit2.o)
    0x0000015e   0x00000000   Code   RO         2541    .ARM.Collect$$libinit$$0000000E  c_w.l(libinit2.o)
    0x0000015e   0x00000006   Code   RO         2542    .ARM.Collect$$libinit$$0000000F  c_w.l(libinit2.o)
    0x00000164   0x00000000   Code   RO         2544    .ARM.Collect$$libinit$$00000011  c_w.l(libinit2.o)
    0x00000164   0x00000000   Code   RO         2546    .ARM.Collect$$libinit$$00000013  c_w.l(libinit2.o)
    0x00000164   0x00000000   Code   RO         2548    .ARM.Collect$$libinit$$00000015  c_w.l(libinit2.o)
    0x00000164   0x0000000a   Code   RO         2549    .ARM.Collect$$libinit$$00000016  c_w.l(libinit2.o)
    0x0000016e   0x00000000   Code   RO         2550    .ARM.Collect$$libinit$$00000017  c_w.l(libinit2.o)
    0x0000016e   0x00000000   Code   RO         2552    .ARM.Collect$$libinit$$00000019  c_w.l(libinit2.o)
    0x0000016e   0x00000000   Code   RO         2554    .ARM.Collect$$libinit$$0000001B  c_w.l(libinit2.o)
    0x0000016e   0x00000000   Code   RO         2556    .ARM.Collect$$libinit$$0000001D  c_w.l(libinit2.o)
    0x0000016e   0x00000000   Code   RO         2558    .ARM.Collect$$libinit$$0000001F  c_w.l(libinit2.o)
    0x0000016e   0x00000000   Code   RO         2560    .ARM.Collect$$libinit$$00000021  c_w.l(libinit2.o)
    0x0000016e   0x00000000   Code   RO         2562    .ARM.Collect$$libinit$$00000023  c_w.l(libinit2.o)
    0x0000016e   0x00000004   Code   RO         2563    .ARM.Collect$$libinit$$00000024  c_w.l(libinit2.o)
    0x00000172   0x00000000   Code   RO         2564    .ARM.Collect$$libinit$$00000025  c_w.l(libinit2.o)
    0x00000172   0x00000000   Code   RO         2568    .ARM.Collect$$libinit$$0000002C  c_w.l(libinit2.o)
    0x00000172   0x00000000   Code   RO         2570    .ARM.Collect$$libinit$$0000002E  c_w.l(libinit2.o)
    0x00000172   0x00000000   Code   RO         2572    .ARM.Collect$$libinit$$00000030  c_w.l(libinit2.o)
    0x00000172   0x00000000   Code   RO         2574    .ARM.Collect$$libinit$$00000032  c_w.l(libinit2.o)
    0x00000172   0x00000002   Code   RO         2575    .ARM.Collect$$libinit$$00000033  c_w.l(libinit2.o)
    0x00000174   0x00000002   Code   RO         2739    .ARM.Collect$$libshutdown$$00000000  c_w.l(libshutdown.o)
    0x00000176   0x00000004   Code   RO         2741    .ARM.Collect$$libshutdown$$00000002  c_w.l(libshutdown2.o)
    0x0000017a   0x00000000   Code   RO         2742    .ARM.Collect$$libshutdown$$00000003  c_w.l(libshutdown2.o)
    0x0000017a   0x00000000   Code   RO         2745    .ARM.Collect$$libshutdown$$00000006  c_w.l(libshutdown2.o)
    0x0000017a   0x00000000   Code   RO         2748    .ARM.Collect$$libshutdown$$00000009  c_w.l(libshutdown2.o)
    0x0000017a   0x00000000   Code   RO         2750    .ARM.Collect$$libshutdown$$0000000B  c_w.l(libshutdown2.o)
    0x0000017a   0x00000000   Code   RO         2753    .ARM.Collect$$libshutdown$$0000000E  c_w.l(libshutdown2.o)
    0x0000017a   0x00000002   Code   RO         2754    .ARM.Collect$$libshutdown$$0000000F  c_w.l(libshutdown2.o)
    0x0000017c   0x00000000   Code   RO         2452    .ARM.Collect$$rtentry$$00000000  c_w.l(__rtentry.o)
    0x0000017c   0x00000000   Code   RO         2587    .ARM.Collect$$rtentry$$00000002  c_w.l(__rtentry2.o)
    0x0000017c   0x00000006   Code   RO         2599    .ARM.Collect$$rtentry$$00000004  c_w.l(__rtentry4.o)
    0x00000182   0x00000000   Code   RO         2589    .ARM.Collect$$rtentry$$00000009  c_w.l(__rtentry2.o)
    0x00000182   0x00000004   Code   RO         2590    .ARM.Collect$$rtentry$$0000000A  c_w.l(__rtentry2.o)
    0x00000186   0x00000008   Code   RO         2591    .ARM.Collect$$rtentry$$0000000B  c_w.l(__rtentry2.o)
    0x0000018e   0x00000008   Code   RO         2593    .ARM.Collect$$rtentry$$0000000D  c_w.l(__rtentry2.o)
    0x00000196   0x00000002   Code   RO         2453    .ARM.Collect$$rtexit$$00000000  c_w.l(rtexit.o)
    0x00000198   0x00000000   Code   RO         2602    .ARM.Collect$$rtexit$$00000002  c_w.l(rtexit2.o)
    0x00000198   0x00000004   Code   RO         2603    .ARM.Collect$$rtexit$$00000003  c_w.l(rtexit2.o)
    0x0000019c   0x00000006   Code   RO         2604    .ARM.Collect$$rtexit$$00000004  c_w.l(rtexit2.o)
    0x000001a2   0x00000002   PAD
    0x000001a4   0x0000001c   Code   RO           65    .emb_text           rtx_conf_cm.o
    0x000001c0   0x00000130   Code   RO         1858    .emb_text           RTX_CM3.lib(hal_cm3.o)
    0x000002f0   0x00000000   Code   RO         2621    .emb_text           c_w.l(maybetermalloc1.o)
    0x000002f0   0x000000e8   Code   RO            4    .text               main.o
    0x000003d8   0x000000a4   Code   RO           66    .text               rtx_conf_cm.o
    0x0000047c   0x000001d4   Code   RO           96    .text               retarget_io.o
    0x00000650   0x00000006   Code   RO          131    .text               jansson_config.o
    0x00000656   0x00000002   PAD
    0x00000658   0x00000040   Code   RO          146  * .text               startup_armcm3.o
    0x00000698   0x00000018   Code   RO          153    .text               system_armcm3.o
    0x000006b0   0x00000008   Code   RO         2221    .text               c_w.l(libspace.o)
    0x000006b8   0x00000004   Code   RO         2229    .text               c_w.l(rt_errno_addr_twolibspace.o)
    0x000006bc   0x0000009e   Code   RO         2239    .text               c_w.l(h1_alloc_mt.o)
    0x0000075a   0x00000076   Code   RO         2241    .text               c_w.l(h1_free_mt.o)
    0x000007d0   0x0000002c   Code   RO         2295    .text               c_w.l(__2sprintf.o)
    0x000007fc   0x00000038   Code   RO         2297    .text               c_w.l(__2snprintf.o)
    0x00000834   0x0000004e   Code   RO         2305    .text               c_w.l(_printf_pad.o)
    0x00000882   0x00000002   PAD
    0x00000884   0x0000007c   Code   RO         2307    .text               c_w.l(_printf_longlong_dec.o)
    0x00000900   0x00000058   Code   RO         2312    .text               c_w.l(_printf_hex_int.o)
    0x00000958   0x00000188   Code   RO         2347    .text               c_w.l(__printf_flags_ss_wp.o)
    0x00000ae0   0x0000004c   Code   RO         2360    .text               c_w.l(fclose.o)
    0x00000b2c   0x00000144   Code   RO         2364    .text               c_w.l(fopen_locked.o)
    0x00000c70   0x0000000c   Code   RO         2366    .text               c_w.l(exit.o)
    0x00000c7c   0x00000010   Code   RO         2368    .text               c_w.l(abort.o)
    0x00000c8c   0x00000264   Code   RO         2370    .text               c_w.l(qsortnoex.o)
    0x00000ef0   0x00000014   Code   RO         2372    .text               c_w.l(strchr.o)
    0x00000f04   0x00000048   Code   RO         2376    .text               c_w.l(strcpy.o)
    0x00000f4c   0x0000003e   Code   RO         2378    .text               c_w.l(strlen.o)
    0x00000f8a   0x0000008a   Code   RO         2380    .text               c_w.l(rt_memcpy_v6.o)
    0x00001014   0x00000084   Code   RO         2382    .text               c_w.l(rt_memmove_v6.o)
    0x00001098   0x00000064   Code   RO         2384    .text               c_w.l(rt_memcpy_w.o)
    0x000010fc   0x0000007a   Code   RO         2386    .text               c_w.l(rt_memmove_w.o)
    0x00001176   0x00000002   PAD
    0x00001178   0x00000080   Code   RO         2388    .text               c_w.l(strcmpv7m.o)
    0x000011f8   0x00000006   Code   RO         2434    .text               c_w.l(heapauxi.o)
    0x000011fe   0x00000002   PAD
    0x00001200   0x0000000c   Code   RO         2450    .text               c_w.l(sys_exit.o)
    0x0000120c   0x0000000a   Code   RO         2468    .text               c_w.l(rt_heap_descriptor_twolibspace.o)
    0x00001216   0x00000004   Code   RO         2470    .text               c_w.l(hguard.o)
    0x0000121a   0x0000008a   Code   RO         2472    .text               c_w.l(init_alloc.o)
    0x000012a4   0x00000012   Code   RO         2478    .text               c_w.l(h1_init_mt.o)
    0x000012b6   0x0000008a   Code   RO         2490    .text               c_w.l(lludiv10.o)
    0x00001340   0x000000b2   Code   RO         2492    .text               c_w.l(_printf_intcommon.o)
    0x000013f2   0x0000041a   Code   RO         2494    .text               c_w.l(_printf_fp_dec.o)
    0x0000180c   0x00000030   Code   RO         2496    .text               c_w.l(_printf_char_common.o)
    0x0000183c   0x0000000a   Code   RO         2498    .text               c_w.l(_sputc.o)
    0x00001846   0x00000010   Code   RO         2500    .text               c_w.l(_snputc.o)
    0x00001856   0x00000002   PAD
    0x00001858   0x000000f8   Code   RO         2510    .text               c_w.l(fseek.o)
    0x00001950   0x000000f0   Code   RO         2512    .text               c_w.l(stdio.o)
    0x00001a40   0x0000000e   Code   RO         2523    .text               c_w.l(defsig_abrt_outer.o)
    0x00001a4e   0x0000004e   Code   RO         2527    .text               c_w.l(rt_memclr_w.o)
    0x00001a9c   0x00000002   Code   RO         2583    .text               c_w.l(use_no_semi.o)
    0x00001a9e   0x00000000   Code   RO         2585    .text               c_w.l(indicate_semi.o)
    0x00001a9e   0x0000000a   Code   RO         2617    .text               c_w.l(rt_locale_twolibspace.o)
    0x00001aa8   0x0000003e   Code   RO         2625    .text               c_w.l(h1_extend_mt.o)
    0x00001ae6   0x00000002   PAD
    0x00001ae8   0x00000080   Code   RO         2629    .text               c_w.l(_printf_fp_infnan.o)
    0x00001b68   0x000000dc   Code   RO         2635    .text               c_w.l(bigflt0.o)
    0x00001c44   0x000001d6   Code   RO         2660    .text               c_w.l(flsbuf.o)
    0x00001e1a   0x00000042   Code   RO         2662    .text               c_w.l(ftell.o)
    0x00001e5c   0x000001c8   Code   RO         2666    .text               c_w.l(initio_locked.o)
    0x00002024   0x0000000a   Code   RO         2671    .text               c_w.l(defsig_exit.o)
    0x0000202e   0x00000002   PAD
    0x00002030   0x00000030   Code   RO         2673    .text               c_w.l(defsig_abrt_inner.o)
    0x00002060   0x0000000e   Code   RO         2675    .text               c_w.l(defsig_rtmem_outer.o)
    0x0000206e   0x0000004a   Code   RO         2694    .text               c_w.l(sys_stackheap_outer.o)
    0x000020b8   0x00000040   Code   RO         2706    .text               c_w.l(puts_locked.o)
    0x000020f8   0x00000068   Code   RO         2708    .text               c_w.l(setvbuf_locked.o)
    0x00002160   0x00000032   Code   RO         2714    .text               c_w.l(defsig_general.o)
    0x00002192   0x0000000e   Code   RO         2720    .text               c_w.l(defsig_rtred_outer.o)
    0x000021a0   0x00000050   Code   RO         2724    .text               c_w.l(defsig_rtmem_inner.o)
    0x000021f0   0x0000000e   Code   RO         2755    .text               c_w.l(sys_wrch.o)
    0x000021fe   0x00000002   PAD
    0x00002200   0x00000034   Code   RO         2774    .text               c_w.l(defsig_rtred_inner.o)
    0x00002234   0x0000003e   Code   RO         2638    CL$$btod_d2e        c_w.l(btod.o)
    0x00002272   0x00000046   Code   RO         2640    CL$$btod_d2e_denorm_low  c_w.l(btod.o)
    0x000022b8   0x00000060   Code   RO         2639    CL$$btod_d2e_norm_op1  c_w.l(btod.o)
    0x00002318   0x00000338   Code   RO         2648    CL$$btod_div_common  c_w.l(btod.o)
    0x00002650   0x000000c6   Code   RO         2645    CL$$btod_e2e        c_w.l(btod.o)
    0x00002716   0x00000028   Code   RO         2642    CL$$btod_ediv       c_w.l(btod.o)
    0x0000273e   0x00000028   Code   RO         2641    CL$$btod_emul       c_w.l(btod.o)
    0x00002766   0x00000244   Code   RO         2647    CL$$btod_mult_common  c_w.l(btod.o)
    0x000029aa   0x00000002   PAD
    0x000029ac   0x00000004   Code   RO         2216    SVC_TABLE           RTX_CM3.lib(svc_table.o)
    0x000029b0   0x0000001a   Code   RO          978    i.__ARM_common_switch8  jansson_CM3LE.lib(dump.o)
    0x000029ca   0x00000028   Code   RO         2692    i.__ARM_fpclassify  m_ws.l(fpclassify.o)
    0x000029f2   0x00000046   Code   RO         1757    i._init_box         RTX_CM3.lib(rt_membox.o)
    0x00002a38   0x0000000e   Code   RO         2340    i._is_digit         c_w.l(__printf_wp.o)
    0x00002a46   0x00000018   Code   RO         1011    i.array_copy        jansson_CM3LE.lib(value.o)
    0x00002a5e   0x00000016   Code   RO         1868    i.bucket_is_empty   jansson_CM3LE.lib(hashtable.o)
    0x00002a74   0x00000030   Code   RO         1810    i.dbg_init          RTX_CM3.lib(hal_cm.o)
    0x00002aa4   0x00000020   Code   RO         1811    i.dbg_task_notify   RTX_CM3.lib(hal_cm.o)
    0x00002ac4   0x00000010   Code   RO         1812    i.dbg_task_switch   RTX_CM3.lib(hal_cm.o)
    0x00002ad4   0x00000394   Code   RO          916    i.do_dump           jansson_CM3LE.lib(dump.o)
    0x00002e68   0x00000060   Code   RO          917    i.dump_indent       jansson_CM3LE.lib(dump.o)
    0x00002ec8   0x0000014c   Code   RO          918    i.dump_string       jansson_CM3LE.lib(dump.o)
    0x00003014   0x00000010   Code   RO          920    i.dump_to_strbuffer  jansson_CM3LE.lib(dump.o)
    0x00003024   0x0000001a   Code   RO         2507    i.fputc             c_w.l(fputc.o)
    0x0000303e   0x00000002   PAD
    0x00003040   0x00000144   Code   RO         1869    i.hashlittle        jansson_CM3LE.lib(hashtable.o)
    0x00003184   0x00000010   Code   RO         1871    i.hashtable_close   jansson_CM3LE.lib(hashtable.o)
    0x00003194   0x00000022   Code   RO         1873    i.hashtable_do_clear  jansson_CM3LE.lib(hashtable.o)
    0x000031b6   0x00000076   Code   RO         1875    i.hashtable_do_rehash  jansson_CM3LE.lib(hashtable.o)
    0x0000322c   0x0000003c   Code   RO         1876    i.hashtable_find_pair  jansson_CM3LE.lib(hashtable.o)
    0x00003268   0x00000040   Code   RO         1877    i.hashtable_get     jansson_CM3LE.lib(hashtable.o)
    0x000032a8   0x00000048   Code   RO         1878    i.hashtable_init    jansson_CM3LE.lib(hashtable.o)
    0x000032f0   0x0000000c   Code   RO         1879    i.hashtable_iter    jansson_CM3LE.lib(hashtable.o)
    0x000032fc   0x00000004   Code   RO         1881    i.hashtable_iter_key  jansson_CM3LE.lib(hashtable.o)
    0x00003300   0x0000000e   Code   RO         1882    i.hashtable_iter_next  jansson_CM3LE.lib(hashtable.o)
    0x0000330e   0x00000004   Code   RO         1883    i.hashtable_iter_serial  jansson_CM3LE.lib(hashtable.o)
    0x00003312   0x00000004   Code   RO         1885    i.hashtable_iter_value  jansson_CM3LE.lib(hashtable.o)
    0x00003316   0x00000002   PAD
    0x00003318   0x000000ac   Code   RO         1886    i.hashtable_set     jansson_CM3LE.lib(hashtable.o)
    0x000033c4   0x0000002a   Code   RO         1887    i.insert_to_bucket  jansson_CM3LE.lib(hashtable.o)
    0x000033ee   0x0000002a   Code   RO          183    i.isrMessageGet     RTX_CM3.lib(rt_cmsis.o)
    0x00003418   0x0000002c   Code   RO          184    i.isrMessagePut     RTX_CM3.lib(rt_cmsis.o)
    0x00003444   0x00000052   Code   RO         1612    i.isr_mbx_receive   RTX_CM3.lib(rt_mailbox.o)
    0x00003496   0x0000000e   Code   RO         1613    i.isr_mbx_send      RTX_CM3.lib(rt_mailbox.o)
    0x000034a4   0x00000036   Code   RO         1013    i.json_array        jansson_CM3LE.lib(value.o)
    0x000034da   0x00000002   PAD
    0x000034dc   0x00000048   Code   RO         1014    i.json_array_append_new  jansson_CM3LE.lib(value.o)
    0x00003524   0x0000001c   Code   RO         1017    i.json_array_get    jansson_CM3LE.lib(value.o)
    0x00003540   0x0000004c   Code   RO         1018    i.json_array_grow   jansson_CM3LE.lib(value.o)
    0x0000358c   0x00000012   Code   RO         1022    i.json_array_size   jansson_CM3LE.lib(value.o)
    0x0000359e   0x00000018   Code   RO         1024    i.json_decref       jansson_CM3LE.lib(value.o)
    0x000035b6   0x00000018   Code   RO         1888    i.json_decref       jansson_CM3LE.lib(hashtable.o)
    0x000035ce   0x00000054   Code   RO         1026    i.json_delete       jansson_CM3LE.lib(value.o)
    0x00003622   0x0000002a   Code   RO          921    i.json_dump_callback  jansson_CM3LE.lib(dump.o)
    0x0000364c   0x00000044   Code   RO          924    i.json_dumps        jansson_CM3LE.lib(dump.o)
    0x00003690   0x0000001c   Code   RO         1030    i.json_integer      jansson_CM3LE.lib(value.o)
    0x000036ac   0x00000018   Code   RO         1032    i.json_integer_value  jansson_CM3LE.lib(value.o)
    0x000036c4   0x0000004c   Code   RO         1035    i.json_object       jansson_CM3LE.lib(value.o)
    0x00003710   0x0000001c   Code   RO         1040    i.json_object_get   jansson_CM3LE.lib(value.o)
    0x0000372c   0x00000018   Code   RO         1041    i.json_object_iter  jansson_CM3LE.lib(value.o)
    0x00003744   0x0000000c   Code   RO         1043    i.json_object_iter_key  jansson_CM3LE.lib(value.o)
    0x00003750   0x0000001c   Code   RO         1044    i.json_object_iter_next  jansson_CM3LE.lib(value.o)
    0x0000376c   0x0000000c   Code   RO         1046    i.json_object_iter_value  jansson_CM3LE.lib(value.o)
    0x00003778   0x00000028   Code   RO         2198    i.json_object_seed  jansson_CM3LE.lib(hashtable_seed.o)
    0x000037a0   0x00000034   Code   RO         1048    i.json_object_set_new  jansson_CM3LE.lib(value.o)
    0x000037d4   0x00000040   Code   RO         1049    i.json_object_set_new_nocheck  jansson_CM3LE.lib(value.o)
    0x00003814   0x00000012   Code   RO         1051    i.json_object_size  jansson_CM3LE.lib(value.o)
    0x00003826   0x00000018   Code   RO         1057    i.json_real_value   jansson_CM3LE.lib(value.o)
    0x0000383e   0x00000012   Code   RO         1060    i.json_string_length  jansson_CM3LE.lib(value.o)
    0x00003850   0x00000012   Code   RO         1066    i.json_string_value  jansson_CM3LE.lib(value.o)
    0x00003862   0x00000002   PAD
    0x00003864   0x000000a0   Code   RO         2131    i.jsonp_dtostr      jansson_CM3LE.lib(strconv.o)
    0x00003904   0x00000010   Code   RO         2026    i.jsonp_free        jansson_CM3LE.lib(memory.o)
    0x00003914   0x00000010   Code   RO         2027    i.jsonp_malloc      jansson_CM3LE.lib(memory.o)
    0x00003924   0x00000012   Code   RO         2028    i.jsonp_strdup      jansson_CM3LE.lib(memory.o)
    0x00003936   0x00000024   Code   RO         2029    i.jsonp_strndup     jansson_CM3LE.lib(memory.o)
    0x0000395a   0x0000000e   Code   RO         1889    i.list_insert       jansson_CM3LE.lib(hashtable.o)
    0x00003968   0x0000000c   Code   RO          925    i.object_key_compare_keys  jansson_CM3LE.lib(dump.o)
    0x00003974   0x0000001a   Code   RO          926    i.object_key_compare_serials  jansson_CM3LE.lib(dump.o)
    0x0000398e   0x00000002   PAD
    0x00003990   0x00000024   Code   RO          188    i.osKernelInitialize  RTX_CM3.lib(rt_cmsis.o)
    0x000039b4   0x0000006c   Code   RO          190    i.osKernelStart     RTX_CM3.lib(rt_cmsis.o)
    0x00003a20   0x00000018   Code   RO          199    i.osMessageGet      RTX_CM3.lib(rt_cmsis.o)
    0x00003a38   0x00000030   Code   RO          216    i.osThreadCreate    RTX_CM3.lib(rt_cmsis.o)
    0x00003a68   0x00000018   Code   RO          217    i.osThreadExit      RTX_CM3.lib(rt_cmsis.o)
    0x00003a80   0x0000000c   Code   RO          223    i.osTimerCall       RTX_CM3.lib(rt_cmsis.o)
    0x00003a8c   0x0000002c   Code   RO          228    i.osTimerThread     RTX_CM3.lib(rt_cmsis.o)
    0x00003ab8   0x00000028   Code   RO         1404    i.os_tick_init      RTX_CM3.lib(rt_system.o)
    0x00003ae0   0x00000002   Code   RO         1405    i.os_tick_irqack    RTX_CM3.lib(rt_system.o)
    0x00003ae2   0x0000001a   Code   RO         1758    i.rt_alloc_box      RTX_CM3.lib(rt_membox.o)
    0x00003afc   0x0000003e   Code   RO         1786    i.rt_alloc_mem      RTX_CM3.lib(rt_memory.o)
    0x00003b3a   0x00000002   PAD
    0x00003b3c   0x00000038   Code   RO          802    i.rt_block          RTX_CM3.lib(rt_task.o)
    0x00003b74   0x00000048   Code   RO         1735    i.rt_chk_robin      RTX_CM3.lib(rt_robin.o)
    0x00003bbc   0x00000070   Code   RO         1536    i.rt_dec_dly        RTX_CM3.lib(rt_list.o)
    0x00003c2c   0x00000044   Code   RO          803    i.rt_dispatch       RTX_CM3.lib(rt_task.o)
    0x00003c70   0x00000050   Code   RO         1497    i.rt_evt_psh        RTX_CM3.lib(rt_event.o)
    0x00003cc0   0x00000020   Code   RO         1759    i.rt_free_box       RTX_CM3.lib(rt_membox.o)
    0x00003ce0   0x00000028   Code   RO         1787    i.rt_free_mem       RTX_CM3.lib(rt_memory.o)
    0x00003d08   0x00000028   Code   RO         1537    i.rt_get_first      RTX_CM3.lib(rt_list.o)
    0x00003d30   0x00000008   Code   RO          233    i.rt_id2obj         RTX_CM3.lib(rt_cmsis.o)
    0x00003d38   0x00000048   Code   RO          804    i.rt_init_context   RTX_CM3.lib(rt_task.o)
    0x00003d80   0x0000001a   Code   RO         1788    i.rt_init_mem       RTX_CM3.lib(rt_memory.o)
    0x00003d9a   0x00000002   PAD
    0x00003d9c   0x00000018   Code   RO         1736    i.rt_init_robin     RTX_CM3.lib(rt_robin.o)
    0x00003db4   0x00000080   Code   RO         1813    i.rt_init_stack     RTX_CM3.lib(hal_cm.o)
    0x00003e34   0x00000008   Code   RO         1614    i.rt_mbx_check      RTX_CM3.lib(rt_mailbox.o)
    0x00003e3c   0x0000001a   Code   RO         1615    i.rt_mbx_init       RTX_CM3.lib(rt_mailbox.o)
    0x00003e56   0x00000002   PAD
    0x00003e58   0x000000f0   Code   RO         1616    i.rt_mbx_psh        RTX_CM3.lib(rt_mailbox.o)
    0x00003f48   0x000000b4   Code   RO         1618    i.rt_mbx_wait       RTX_CM3.lib(rt_mailbox.o)
    0x00003ffc   0x0000003c   Code   RO          234    i.rt_ms2tick        RTX_CM3.lib(rt_cmsis.o)
    0x00004038   0x00000010   Code   RO          887    i.rt_mut_init       RTX_CM3.lib(rt_mutex.o)
    0x00004048   0x000000d8   Code   RO          888    i.rt_mut_release    RTX_CM3.lib(rt_mutex.o)
    0x00004120   0x00000068   Code   RO          889    i.rt_mut_wait       RTX_CM3.lib(rt_mutex.o)
    0x00004188   0x0000007c   Code   RO         1408    i.rt_pop_req        RTX_CM3.lib(rt_system.o)
    0x00004204   0x00000020   Code   RO         1409    i.rt_psh_req        RTX_CM3.lib(rt_system.o)
    0x00004224   0x0000005c   Code   RO         1539    i.rt_psq_enq        RTX_CM3.lib(rt_list.o)
    0x00004280   0x00000048   Code   RO         1540    i.rt_put_dly        RTX_CM3.lib(rt_list.o)
    0x000042c8   0x00000036   Code   RO         1541    i.rt_put_prio       RTX_CM3.lib(rt_list.o)
    0x000042fe   0x00000002   PAD
    0x00004300   0x00000014   Code   RO         1542    i.rt_put_rdy_first  RTX_CM3.lib(rt_list.o)
    0x00004314   0x00000034   Code   RO         1543    i.rt_resort_prio    RTX_CM3.lib(rt_list.o)
    0x00004348   0x00000006   Code   RO         1814    i.rt_ret_val        RTX_CM3.lib(hal_cm.o)
    0x0000434e   0x00000008   Code   RO         1815    i.rt_ret_val2       RTX_CM3.lib(hal_cm.o)
    0x00004356   0x00000028   Code   RO         1544    i.rt_rmv_dly        RTX_CM3.lib(rt_list.o)
    0x0000437e   0x00000002   PAD
    0x00004380   0x00000030   Code   RO         1545    i.rt_rmv_list       RTX_CM3.lib(rt_list.o)
    0x000043b0   0x00000034   Code   RO         1663    i.rt_sem_psh        RTX_CM3.lib(rt_semaphore.o)
    0x000043e4   0x00000024   Code   RO         1411    i.rt_stk_check      RTX_CM3.lib(rt_system.o)
    0x00004408   0x00000028   Code   RO          805    i.rt_switch_req     RTX_CM3.lib(rt_task.o)
    0x00004430   0x000000cc   Code   RO          806    i.rt_sys_init       RTX_CM3.lib(rt_task.o)
    0x000044fc   0x00000078   Code   RO          807    i.rt_sys_start      RTX_CM3.lib(rt_task.o)
    0x00004574   0x00000040   Code   RO         1413    i.rt_systick        RTX_CM3.lib(rt_system.o)
    0x000045b4   0x00000012   Code   RO          235    i.rt_tid2ptcb       RTX_CM3.lib(rt_cmsis.o)
    0x000045c6   0x00000002   PAD
    0x000045c8   0x00000034   Code   RO          236    i.rt_timer_insert   RTX_CM3.lib(rt_cmsis.o)
    0x000045fc   0x00000080   Code   RO          808    i.rt_tsk_create     RTX_CM3.lib(rt_task.o)
    0x0000467c   0x00000174   Code   RO          809    i.rt_tsk_delete     RTX_CM3.lib(rt_task.o)
    0x000047f0   0x0000007c   Code   RO          811    i.rt_tsk_prio       RTX_CM3.lib(rt_task.o)
    0x0000486c   0x00000010   Code   RO          812    i.rt_tsk_self       RTX_CM3.lib(rt_task.o)
    0x0000487c   0x00000070   Code   RO         2073    i.strbuffer_append_bytes  jansson_CM3LE.lib(strbuffer.o)
    0x000048ec   0x00000018   Code   RO         2075    i.strbuffer_close   jansson_CM3LE.lib(strbuffer.o)
    0x00004904   0x00000022   Code   RO         2076    i.strbuffer_init    jansson_CM3LE.lib(strbuffer.o)
    0x00004926   0x00000004   Code   RO         2079    i.strbuffer_value   jansson_CM3LE.lib(strbuffer.o)
    0x0000492a   0x00000002   PAD
    0x0000492c   0x00000070   Code   RO          239    i.svcKernelInitialize  RTX_CM3.lib(rt_cmsis.o)
    0x0000499c   0x00000048   Code   RO          241    i.svcKernelStart    RTX_CM3.lib(rt_cmsis.o)
    0x000049e4   0x00000024   Code   RO          244    i.svcMessageCreate  RTX_CM3.lib(rt_cmsis.o)
    0x00004a08   0x0000003a   Code   RO          245    i.svcMessageGet     RTX_CM3.lib(rt_cmsis.o)
    0x00004a42   0x00000002   PAD
    0x00004a44   0x00000070   Code   RO          259    i.svcThreadCreate   RTX_CM3.lib(rt_cmsis.o)
    0x00004ab4   0x0000001c   Code   RO          260    i.svcThreadGetId    RTX_CM3.lib(rt_cmsis.o)
    0x00004ad0   0x00000038   Code   RO          263    i.svcThreadTerminate  RTX_CM3.lib(rt_cmsis.o)
    0x00004b08   0x00000018   Code   RO          265    i.svcTimerCall      RTX_CM3.lib(rt_cmsis.o)
    0x00004b20   0x0000005c   Code   RO          274    i.sysTimerTick      RTX_CM3.lib(rt_cmsis.o)
    0x00004b7c   0x0000003c   Code   RO         2162    i.utf8_check_first  jansson_CM3LE.lib(utf.o)
    0x00004bb8   0x00000088   Code   RO         2163    i.utf8_check_full   jansson_CM3LE.lib(utf.o)
    0x00004c40   0x0000003e   Code   RO         2164    i.utf8_check_string  jansson_CM3LE.lib(utf.o)
    0x00004c7e   0x00000040   Code   RO         2166    i.utf8_iterate      jansson_CM3LE.lib(utf.o)
    0x00004cbe   0x00000002   PAD
    0x00004cc0   0x0000002c   Code   RO         2669    locale$$code        c_w.l(lc_numeric_c.o)
    0x00004cec   0x00000004   Code   RO         2444    x$fpl$printf1       fz_ws.l(printf1.o)
    0x00004cf0   0x00000000   Code   RO         2580    x$fpl$usenofp       fz_ws.l(usenofp.o)
    0x00004cf0   0x0000000c   Code   RO         2418    x$udivmod           c_w.l(aeabi_sdiv.o)
    0x00004cfc   0x00000058   Data   RO            5    .constdata          main.o
    0x00004d54   0x00000056   Data   RO           68    .constdata          rtx_conf_cm.o
    0x00004daa   0x00000017   Data   RO           97    .constdata          retarget_io.o
    0x00004dc1   0x00000021   Data   RO          927    .constdata          jansson_CM3LE.lib(dump.o)
    0x00004de2   0x00000028   Data   RO         2313    .constdata          c_w.l(_printf_hex_int.o)
    0x00004e0a   0x00000011   Data   RO         2348    .constdata          c_w.l(__printf_flags_ss_wp.o)
    0x00004e1b   0x00000001   PAD
    0x00004e1c   0x00000094   Data   RO         2636    .constdata          c_w.l(bigflt0.o)
    0x00004eb0   0x00000020   Data   RO         2874    Region$$Table       anon$$obj.o
    0x00004ed0   0x0000001c   Data   RO         2668    locale$$data        c_w.l(lc_numeric_c.o)


    Execution Region ER_RW (Base: 0x20000000, Size: 0x00000070, Max: 0xffffffff, ABSOLUTE)

    Base Addr    Size         Type   Attr      Idx    E Section Name        Object

    0x20000000   0x00000024   Data   RW           69    .data               rtx_conf_cm.o
    0x20000024   0x00000004   Data   RW           98    .data               retarget_io.o
    0x20000028   0x00000004   Data   RW          154    .data               system_armcm3.o
    0x2000002c   0x00000008   Data   RW          277    .data               RTX_CM3.lib(rt_cmsis.o)
    0x20000034   0x00000008   Data   RW          814    .data               RTX_CM3.lib(rt_task.o)
    0x2000003c   0x00000008   Data   RW         1416    .data               RTX_CM3.lib(rt_system.o)
    0x20000044   0x00000004   Data   RW         1706    .data               RTX_CM3.lib(rt_time.o)
    0x20000048   0x00000008   Data   RW         1737    .data               RTX_CM3.lib(rt_robin.o)
    0x20000050   0x00000001   Data   RW         1816    .data               RTX_CM3.lib(hal_cm.o)
    0x20000051   0x00000003   PAD
    0x20000054   0x00000008   Data   RW         2030    .data               jansson_CM3LE.lib(memory.o)
    0x2000005c   0x00000004   Data   RW         2199    .data               jansson_CM3LE.lib(hashtable_seed.o)
    0x20000060   0x00000004   Data   RW         2514    .data               c_w.l(streamlock.o)
    0x20000064   0x00000004   Data   RW         2518    .data               c_w.l(stdio_streams.o)
    0x20000068   0x00000004   Data   RW         2519    .data               c_w.l(stdio_streams.o)
    0x2000006c   0x00000004   Data   RW         2520    .data               c_w.l(stdio_streams.o)


    Execution Region ER_ZI (Base: 0x20000070, Size: 0x00002588, Max: 0xffffffff, ABSOLUTE)

    Base Addr    Size         Type   Attr      Idx    E Section Name        Object

    0x20000070   0x00000bc8   Zero   RW           67    .bss                rtx_conf_cm.o
    0x20000c38   0x00000034   Zero   RW          813    .bss                RTX_CM3.lib(rt_task.o)
    0x20000c6c   0x00000030   Zero   RW         1546    .bss                RTX_CM3.lib(rt_list.o)
    0x20000c9c   0x00000060   Zero   RW         2222    .bss                c_w.l(libspace.o)
    0x20000cfc   0x00000054   Zero   RW         2515    .bss                c_w.l(stdio_streams.o)
    0x20000d50   0x00000054   Zero   RW         2516    .bss                c_w.l(stdio_streams.o)
    0x20000da4   0x00000054   Zero   RW         2517    .bss                c_w.l(stdio_streams.o)
    0x20000df8   0x00001000   Zero   RW          144    HEAP                startup_armcm3.o
    0x20001df8   0x00000800   Zero   RW          143    STACK               startup_armcm3.o


==============================================================================

Image component sizes


      Code (inc. data)   RO Data    RW Data    ZI Data      Debug   Object Name

         6          0          0          0          0        846   jansson_config.o
       232         20         88          0          0      11010   main.o
       468         38         23          4          0       4760   retarget_io.o
       192         34         86         36       3016       9077   rtx_conf_cm.o
        64         26        192          0       6144        840   startup_armcm3.o
        24          8          0          4          0        773   system_armcm3.o

    ----------------------------------------------------------------------
       988        126        421         44       9160      27306   Object Totals
         0          0         32          0          0          0   (incl. Generated)
         2          0          0          0          0          0   (incl. Padding)

    ----------------------------------------------------------------------

      Code (inc. data)   RO Data    RW Data    ZI Data      Debug   Library Member Name

       238         24          0          1          0       2968   hal_cm.o
       304         36          0          0          0        760   hal_cm3.o
      1110        140          0          8          0      28737   rt_cmsis.o
        80          4          0          0          0        565   rt_event.o
       530         34          0          0         48       7333   rt_list.o
       550         10          0          0          0       3373   rt_mailbox.o
       128          0          0          0          0       1677   rt_membox.o
       128          0          0          0          0       2059   rt_memory.o
       336         12          0          0          0       1825   rt_mutex.o
        96         22          0          8          0       1134   rt_robin.o
        52          4          0          0          0        509   rt_semaphore.o
       298         52          0          8          0       5951   rt_system.o
      1200        174          0          8         52       8773   rt_task.o
         0          0          0          4          0        210   rt_time.o
         4          4          0          0          0        200   svc_table.o
        56          6          0          0          0         88   __2snprintf.o
        44          6          0          0          0         84   __2sprintf.o
         8          0          0          0          0         68   __main.o
       392          4         17          0          0         92   __printf_flags_ss_wp.o
        14          0          0          0          0         68   __printf_wp.o
         0          0          0          0          0          0   __rtentry.o
        20          0          0          0          0          0   __rtentry2.o
         6          0          0          0          0          0   __rtentry4.o
        52          8          0          0          0          0   __scatter.o
        26          0          0          0          0          0   __scatter_copy.o
        28          0          0          0          0          0   __scatter_zi.o
        48          6          0          0          0         96   _printf_char_common.o
      1050          0          0          0          0        216   _printf_fp_dec.o
       128         16          0          0          0         84   _printf_fp_infnan.o
         6          0          0          0          0          0   _printf_g.o
        88          4         40          0          0         88   _printf_hex_int.o
       178          0          0          0          0         88   _printf_intcommon.o
        10          0          0          0          0          0   _printf_ll.o
         6          0          0          0          0          0   _printf_lld.o
       124         16          0          0          0         92   _printf_longlong_dec.o
        78          0          0          0          0        108   _printf_pad.o
         0          0          0          0          0          0   _printf_percent.o
         4          0          0          0          0          0   _printf_percent_end.o
         6          0          0          0          0          0   _printf_x.o
        16          0          0          0          0         68   _snputc.o
        10          0          0          0          0         68   _sputc.o
        16          0          0          0          0         72   abort.o
        12          0          0          0          0         68   aeabi_sdiv.o
       220          4        148          0          0         96   bigflt0.o
      1910        128          0          0          0        672   btod.o
        48         34          0          0          0         76   defsig_abrt_inner.o
        14          0          0          0          0         80   defsig_abrt_outer.o
        10          0          0          0          0         68   defsig_exit.o
        50          0          0          0          0         88   defsig_general.o
        80         58          0          0          0         76   defsig_rtmem_inner.o
        14          0          0          0          0         80   defsig_rtmem_outer.o
        52         38          0          0          0         76   defsig_rtred_inner.o
        14          0          0          0          0         80   defsig_rtred_outer.o
        12          0          0          0          0         72   exit.o
        76          0          0          0          0         88   fclose.o
       470          0          0          0          0         88   flsbuf.o
       324          8          0          0          0        152   fopen_locked.o
        26          0          0          0          0         68   fputc.o
       248          6          0          0          0         84   fseek.o
        66          0          0          0          0         76   ftell.o
       158          0          0          0          0        128   h1_alloc_mt.o
        62          0          0          0          0         80   h1_extend_mt.o
       118          0          0          0          0        108   h1_free_mt.o
        18          0          0          0          0         84   h1_init_mt.o
         6          0          0          0          0        152   heapauxi.o
         4          0          0          0          0        136   hguard.o
         0          0          0          0          0          0   indicate_semi.o
       138          0          0          0          0        168   init_alloc.o
       456         48          0          0          0        116   initio_locked.o
        44         10         28          0          0         76   lc_numeric_c.o
         2          0          0          0          0          0   libinit.o
        30          0          0          0          0          0   libinit2.o
         2          0          0          0          0          0   libshutdown.o
         6          0          0          0          0          0   libshutdown2.o
         8          4          0          0         96         68   libspace.o
       138          0          0          0          0         80   lludiv10.o
         0          0          0          0          0          0   maybetermalloc1.o
        64          6          0          0          0         80   puts_locked.o
       612          0          0          0          0        136   qsortnoex.o
         4          0          0          0          0         68   rt_errno_addr_twolibspace.o
        10          0          0          0          0         76   rt_heap_descriptor_twolibspace.o
        10          0          0          0          0         76   rt_locale_twolibspace.o
        78          0          0          0          0         80   rt_memclr_w.o
       138          0          0          0          0         68   rt_memcpy_v6.o
       100          0          0          0          0         80   rt_memcpy_w.o
       132          0          0          0          0         68   rt_memmove_v6.o
       122          0          0          0          0         80   rt_memmove_w.o
         2          0          0          0          0          0   rtexit.o
        10          0          0          0          0          0   rtexit2.o
       104          0          0          0          0         88   setvbuf_locked.o
       240          6          0          0          0        156   stdio.o
         0          0          0         12        252          0   stdio_streams.o
        20          0          0          0          0         68   strchr.o
       128          0          0          0          0         68   strcmpv7m.o
        72          0          0          0          0         80   strcpy.o
         0          0          0          4          0          0   streamlock.o
        62          0          0          0          0         76   strlen.o
        12          4          0          0          0         68   sys_exit.o
        74          0          0          0          0         80   sys_stackheap_outer.o
        14          0          0          0          0         76   sys_wrch.o
         2          0          0          0          0         68   use_no_semi.o
         4          0          0          0          0         68   printf1.o
         0          0          0          0          0          0   usenofp.o
      1534        162         33          0          0      12877   dump.o
      1000         32          0          0          0      17697   hashtable.o
        40          6          0          4          0       1280   hashtable_seed.o
        86          8          0          8          0       6121   memory.o
       174          4          0          0          0       2866   strbuffer.o
       160         10          0          0          0        783   strconv.o
       322         10          0          0          0       3128   utf.o
       806         16          0          0          0      20124   value.o
        40          0          0          0          0         68   fpclassify.o

    ----------------------------------------------------------------------
     18528       1184        267         68        448     137390   Library Totals
        48          0          1          3          0          0   (incl. Padding)

    ----------------------------------------------------------------------

      Code (inc. data)   RO Data    RW Data    ZI Data      Debug   Library Name

      5054        516          0         37        100      66074   RTX_CM3.lib
      9260        420        233         16        348       6304   c_w.l
         4          0          0          0          0         68   fz_ws.l
      4122        248         33         12          0      64876   jansson_CM3LE.lib
        40          0          0          0          0         68   m_ws.l

    ----------------------------------------------------------------------
     18528       1184        267         68        448     137390   Library Totals

    ----------------------------------------------------------------------

==============================================================================


      Code (inc. data)   RO Data    RW Data    ZI Data      Debug   

     19516       1310        688        112       9608     154740   Grand Totals
     19516       1310        688        112       9608     154740   ELF Image Totals
     19516       1310        688        112          0          0   ROM Totals

==============================================================================

    Total RO  Size (Code + RO Data)                20204 (  19.73kB)
    Total RW  Size (RW Data + ZI Data)              9720 (   9.49kB)
    Total ROM Size (Code + RO Data + RW Data)      20316 (  19.84kB)

==============================================================================

